Archive member included to satisfy reference by file (symbol)

F:/Program Files (x86)/STM32CubeIDE/STM32CubeIDE_1.17.0/STM32CubeIDE/plugins/com.st.stm32cube.ide.mcu.externaltools.gnu-tools-for-stm32.12.3.rel1.win32_1.1.0.202410251130/tools/bin/../lib/gcc/arm-none-eabi/12.3.1/../../../../arm-none-eabi/lib/thumb/v7e-m+fp/hard\libc_nano.a(libc_a-exit.o)
                              F:/Program Files (x86)/STM32CubeIDE/STM32CubeIDE_1.17.0/STM32CubeIDE/plugins/com.st.stm32cube.ide.mcu.externaltools.gnu-tools-for-stm32.12.3.rel1.win32_1.1.0.202410251130/tools/bin/../lib/gcc/arm-none-eabi/12.3.1/../../../../arm-none-eabi/lib/thumb/v7e-m+fp/hard/crt0.o (exit)
F:/Program Files (x86)/STM32CubeIDE/STM32CubeIDE_1.17.0/STM32CubeIDE/plugins/com.st.stm32cube.ide.mcu.externaltools.gnu-tools-for-stm32.12.3.rel1.win32_1.1.0.202410251130/tools/bin/../lib/gcc/arm-none-eabi/12.3.1/../../../../arm-none-eabi/lib/thumb/v7e-m+fp/hard\libc_nano.a(libc_a-findfp.o)
                              F:/Program Files (x86)/STM32CubeIDE/STM32CubeIDE_1.17.0/STM32CubeIDE/plugins/com.st.stm32cube.ide.mcu.externaltools.gnu-tools-for-stm32.12.3.rel1.win32_1.1.0.202410251130/tools/bin/../lib/gcc/arm-none-eabi/12.3.1/../../../../arm-none-eabi/lib/thumb/v7e-m+fp/hard\libc_nano.a(libc_a-exit.o) (__stdio_exit_handler)
F:/Program Files (x86)/STM32CubeIDE/STM32CubeIDE_1.17.0/STM32CubeIDE/plugins/com.st.stm32cube.ide.mcu.externaltools.gnu-tools-for-stm32.12.3.rel1.win32_1.1.0.202410251130/tools/bin/../lib/gcc/arm-none-eabi/12.3.1/../../../../arm-none-eabi/lib/thumb/v7e-m+fp/hard\libc_nano.a(libc_a-fwalk.o)
                              F:/Program Files (x86)/STM32CubeIDE/STM32CubeIDE_1.17.0/STM32CubeIDE/plugins/com.st.stm32cube.ide.mcu.externaltools.gnu-tools-for-stm32.12.3.rel1.win32_1.1.0.202410251130/tools/bin/../lib/gcc/arm-none-eabi/12.3.1/../../../../arm-none-eabi/lib/thumb/v7e-m+fp/hard\libc_nano.a(libc_a-findfp.o) (_fwalk_sglue)
F:/Program Files (x86)/STM32CubeIDE/STM32CubeIDE_1.17.0/STM32CubeIDE/plugins/com.st.stm32cube.ide.mcu.externaltools.gnu-tools-for-stm32.12.3.rel1.win32_1.1.0.202410251130/tools/bin/../lib/gcc/arm-none-eabi/12.3.1/../../../../arm-none-eabi/lib/thumb/v7e-m+fp/hard\libc_nano.a(libc_a-stdio.o)
                              F:/Program Files (x86)/STM32CubeIDE/STM32CubeIDE_1.17.0/STM32CubeIDE/plugins/com.st.stm32cube.ide.mcu.externaltools.gnu-tools-for-stm32.12.3.rel1.win32_1.1.0.202410251130/tools/bin/../lib/gcc/arm-none-eabi/12.3.1/../../../../arm-none-eabi/lib/thumb/v7e-m+fp/hard\libc_nano.a(libc_a-findfp.o) (__sread)
F:/Program Files (x86)/STM32CubeIDE/STM32CubeIDE_1.17.0/STM32CubeIDE/plugins/com.st.stm32cube.ide.mcu.externaltools.gnu-tools-for-stm32.12.3.rel1.win32_1.1.0.202410251130/tools/bin/../lib/gcc/arm-none-eabi/12.3.1/../../../../arm-none-eabi/lib/thumb/v7e-m+fp/hard\libc_nano.a(libc_a-memset.o)
                              F:/Program Files (x86)/STM32CubeIDE/STM32CubeIDE_1.17.0/STM32CubeIDE/plugins/com.st.stm32cube.ide.mcu.externaltools.gnu-tools-for-stm32.12.3.rel1.win32_1.1.0.202410251130/tools/bin/../lib/gcc/arm-none-eabi/12.3.1/../../../../arm-none-eabi/lib/thumb/v7e-m+fp/hard/crt0.o (memset)
F:/Program Files (x86)/STM32CubeIDE/STM32CubeIDE_1.17.0/STM32CubeIDE/plugins/com.st.stm32cube.ide.mcu.externaltools.gnu-tools-for-stm32.12.3.rel1.win32_1.1.0.202410251130/tools/bin/../lib/gcc/arm-none-eabi/12.3.1/../../../../arm-none-eabi/lib/thumb/v7e-m+fp/hard\libc_nano.a(libc_a-closer.o)
                              F:/Program Files (x86)/STM32CubeIDE/STM32CubeIDE_1.17.0/STM32CubeIDE/plugins/com.st.stm32cube.ide.mcu.externaltools.gnu-tools-for-stm32.12.3.rel1.win32_1.1.0.202410251130/tools/bin/../lib/gcc/arm-none-eabi/12.3.1/../../../../arm-none-eabi/lib/thumb/v7e-m+fp/hard\libc_nano.a(libc_a-stdio.o) (_close_r)
F:/Program Files (x86)/STM32CubeIDE/STM32CubeIDE_1.17.0/STM32CubeIDE/plugins/com.st.stm32cube.ide.mcu.externaltools.gnu-tools-for-stm32.12.3.rel1.win32_1.1.0.202410251130/tools/bin/../lib/gcc/arm-none-eabi/12.3.1/../../../../arm-none-eabi/lib/thumb/v7e-m+fp/hard\libc_nano.a(libc_a-reent.o)
                              F:/Program Files (x86)/STM32CubeIDE/STM32CubeIDE_1.17.0/STM32CubeIDE/plugins/com.st.stm32cube.ide.mcu.externaltools.gnu-tools-for-stm32.12.3.rel1.win32_1.1.0.202410251130/tools/bin/../lib/gcc/arm-none-eabi/12.3.1/../../../../arm-none-eabi/lib/thumb/v7e-m+fp/hard\libc_nano.a(libc_a-closer.o) (errno)
F:/Program Files (x86)/STM32CubeIDE/STM32CubeIDE_1.17.0/STM32CubeIDE/plugins/com.st.stm32cube.ide.mcu.externaltools.gnu-tools-for-stm32.12.3.rel1.win32_1.1.0.202410251130/tools/bin/../lib/gcc/arm-none-eabi/12.3.1/../../../../arm-none-eabi/lib/thumb/v7e-m+fp/hard\libc_nano.a(libc_a-impure.o)
[...]
Memory Configuration

Name             Origin             Length             Attributes
RAM              0x20000000         0x00020000         xrw
FLASH            0x08000000         0x00020000         xr
*default*        0x00000000         0xffffffff

Linker script and memory map

LOAD F:/Program Files (x86)/STM32CubeIDE/STM32CubeIDE_1.17.0/STM32CubeIDE/plugins/com.st.stm32cube.ide.mcu.externaltools.gnu-tools-for-stm32.12.3.rel1.win32_1.1.0.202410251130/tools/bin/../lib/gcc/arm-none-eabi/12.3.1/thumb/v7e-m+fp/hard/crti.o
LOAD F:/Program Files (x86)/STM32CubeIDE/STM32CubeIDE_1.17.0/STM32CubeIDE/plugins/com.st.stm32cube.ide.mcu.externaltools.gnu-tools-for-stm32.12.3.rel1.win32_1.1.0.202410251130/tools/bin/../lib/gcc/arm-none-eabi/12.3.1/thumb/v7e-m+fp/hard/crtbegin.o
LOAD F:/Program Files (x86)/STM32CubeIDE/STM32CubeIDE_1.17.0/STM32CubeIDE/plugins/com.st.stm32cube.ide.mcu.externaltools.gnu-tools-for-stm32.12.3.rel1.win32_1.1.0.202410251130/tools/bin/../lib/gcc/arm-none-eabi/12.3.1/../../../../arm-none-eabi/lib/thumb/v7e-m+fp/hard/crt0.o
LOAD ./Core/Src/adc.o
LOAD ./Core/Src/dma.o
LOAD ./Core/Src/fdcan.o
LOAD ./Core/Src/fmac.o
LOAD ./Core/Src/gpio.o
LOAD ./Core/Src/hrtim.o
LOAD ./Core/Src/main.o
LOAD ./Core/Src/stm32g4xx_hal_msp.o
LOAD ./Core/Src/stm32g4xx_it.o
LOAD ./Core/Src/syscalls.o
LOAD ./Core/Src/sysmem.o
LOAD ./Core/Src/system_stm32g4xx.o
LOAD ./Core/Src/tim.o
LOAD ./Core/Src/usart.o
LOAD ./Core/Startup/startup_stm32g474cbtx.o
LOAD ./Drivers/STM32G4xx_HAL_Driver/Src/stm32g4xx_hal.o
LOAD ./Drivers/STM32G4xx_HAL_Driver/Src/stm32g4xx_hal_adc.o
LOAD ./Drivers/STM32G4xx_HAL_Driver/Src/stm32g4xx_hal_adc_ex.o
LOAD ./Drivers/STM32G4xx_HAL_Driver/Src/stm32g4xx_hal_cortex.o
LOAD ./Drivers/STM32G4xx_HAL_Driver/Src/stm32g4xx_hal_dma.o
LOAD ./Drivers/STM32G4xx_HAL_Driver/Src/stm32g4xx_hal_dma_ex.o
LOAD ./Drivers/STM32G4xx_HAL_Driver/Src/stm32g4xx_hal_exti.o
LOAD ./Drivers/STM32G4xx_HAL_Driver/Src/stm32g4xx_hal_fdcan.o
LOAD ./Drivers/STM32G4xx_HAL_Driver/Src/stm32g4xx_hal_flash.o
LOAD ./Drivers/STM32G4xx_HAL_Driver/Src/stm32g4xx_hal_flash_ex.o
LOAD ./Drivers/STM32G4xx_HAL_Driver/Src/stm32g4xx_hal_flash_ramfunc.o
LOAD ./Drivers/STM32G4xx_HAL_Driver/Src/stm32g4xx_hal_fmac.o
LOAD ./Drivers/STM32G4xx_HAL_Driver/Src/stm32g4xx_hal_gpio.o
LOAD ./Drivers/STM32G4xx_HAL_Driver/Src/stm32g4xx_hal_hrtim.o
LOAD ./Drivers/STM32G4xx_HAL_Driver/Src/stm32g4xx_hal_pwr.o
LOAD ./Drivers/STM32G4xx_HAL_Driver/Src/stm32g4xx_hal_pwr_ex.o
LOAD ./Drivers/STM32G4xx_HAL_Driver/Src/stm32g4xx_hal_rcc.o
LOAD ./Drivers/STM32G4xx_HAL_Driver/Src/stm32g4xx_hal_rcc_ex.o
LOAD ./Drivers/STM32G4xx_HAL_Driver/Src/stm32g4xx_hal_tim.o
LOAD ./Drivers/STM32G4xx_HAL_Driver/Src/stm32g4xx_hal_tim_ex.o
LOAD ./Drivers/STM32G4xx_HAL_Driver/Src/stm32g4xx_hal_uart.o
LOAD ./Drivers/STM32G4xx_HAL_Driver/Src/stm32g4xx_hal_uart_ex.o
LOAD ./Drivers/STM32G4xx_HAL_Driver/Src/stm32g4xx_ll_adc.o
LOAD ./User/Src/analog_signal.o
LOAD ./User/Src/fsbb_pwm.o
START GROUP
LOAD F:/Program Files (x86)/STM32CubeIDE/STM32CubeIDE_1.17.0/STM32CubeIDE/plugins/com.st.stm32cube.ide.mcu.externaltools.gnu-tools-for-stm32.12.3.rel1.win32_1.1.0.202410251130/tools/bin/../lib/gcc/arm-none-eabi/12.3.1/../../../../arm-none-eabi/lib/thumb/v7e-m+fp/hard\libc_nano.a
LOAD F:/Program Files (x86)/STM32CubeIDE/STM32CubeIDE_1.17.0/STM32CubeIDE/plugins/com.st.stm32cube.ide.mcu.externaltools.gnu-tools-for-stm32.12.3.rel1.win32_1.1.0.202410251130/tools/bin/../lib/gcc/arm-none-eabi/12.3.1/../../../../arm-none-eabi/lib/thumb/v7e-m+fp/hard\libm.a
END GROUP
START GROUP
LOAD F:/Program Files (x86)/STM32CubeIDE/STM32CubeIDE_1.17.0/STM32CubeIDE/plugins/com.st.stm32cube.ide.mcu.externaltools.gnu-tools-for-stm32.12.3.rel1.win32_1.1.0.202410251130/tools/bin/../lib/gcc/arm-none-eabi/12.3.1/thumb/v7e-m+fp/hard\libgcc.a
LOAD F:/Program Files (x86)/STM32CubeIDE/STM32CubeIDE_1.17.0/STM32CubeIDE/plugins/com.st.stm32cube.ide.mcu.externaltools.gnu-tools-for-stm32.12.3.rel1.win32_1.1.0.202410251130/tools/bin/../lib/gcc/arm-none-eabi/12.3.1/../../../../arm-none-eabi/lib/thumb/v7e-m+fp/hard\libc_nano.a
END GROUP
START GROUP
LOAD F:/Program Files (x86)/STM32CubeIDE/STM32CubeIDE_1.17.0/STM32CubeIDE/plugins/com.st.stm32cube.ide.mcu.externaltools.gnu-tools-for-stm32.12.3.rel1.win32_1.1.0.202410251130/tools/bin/../lib/gcc/arm-none-eabi/12.3.1/thumb/v7e-m+fp/hard\libgcc.a
LOAD F:/Program Files (x86)/STM32CubeIDE/STM32CubeIDE_1.17.0/STM32CubeIDE/plugins/com.st.stm32cube.ide.mcu.externaltools.gnu-tools-for-stm32.12.3.rel1.win32_1.1.0.202410251130/tools/bin/../lib/gcc/arm-none-eabi/12.3.1/../../../../arm-none-eabi/lib/thumb/v7e-m+fp/hard\libc_nano.a
LOAD F:/Program Files (x86)/STM32CubeIDE/STM32CubeIDE_1.17.0/STM32CubeIDE/plugins/com.st.stm32cube.ide.mcu.externaltools.gnu-tools-for-stm32.12.3.rel1.win32_1.1.0.202410251130/tools/bin/../lib/gcc/arm-none-eabi/12.3.1/../../../../arm-none-eabi/lib/thumb/v7e-m+fp/hard\libnosys.a
END GROUP
START GROUP
LOAD F:/Program Files (x86)/STM32CubeIDE/STM32CubeIDE_1.17.0/STM32CubeIDE/plugins/com.st.stm32cube.ide.mcu.externaltools.gnu-tools-for-stm32.12.3.rel1.win32_1.1.0.202410251130/tools/bin/../lib/gcc/arm-none-eabi/12.3.1/thumb/v7e-m+fp/hard\libgcc.a
LOAD F:/Program Files (x86)/STM32CubeIDE/STM32CubeIDE_1.17.0/STM32CubeIDE/plugins/com.st.stm32cube.ide.mcu.externaltools.gnu-tools-for-stm32.12.3.rel1.win32_1.1.0.202410251130/tools/bin/../lib/gcc/arm-none-eabi/12.3.1/../../../../arm-none-eabi/lib/thumb/v7e-m+fp/hard\libc_nano.a
LOAD F:/Program Files (x86)/STM32CubeIDE/STM32CubeIDE_1.17.0/STM32CubeIDE/plugins/com.st.stm32cube.ide.mcu.externaltools.gnu-tools-for-stm32.12.3.rel1.win32_1.1.0.202410251130/tools/bin/../lib/gcc/arm-none-eabi/12.3.1/../../../../arm-none-eabi/lib/thumb/v7e-m+fp/hard\libnosys.a
END GROUP
LOAD F:/Program Files (x86)/STM32CubeIDE/STM32CubeIDE_1.17.0/STM32CubeIDE/plugins/com.st.stm32cube.ide.mcu.externaltools.gnu-tools-for-stm32.12.3.rel1.win32_1.1.0.202410251130/tools/bin/../lib/gcc/arm-none-eabi/12.3.1/thumb/v7e-m+fp/hard/crtend.o
LOAD F:/Program Files (x86)/STM32CubeIDE/STM32CubeIDE_1.17.0/STM32CubeIDE/plugins/com.st.stm32cube.ide.mcu.externaltools.gnu-tools-for-stm32.12.3.rel1.win32_1.1.0.202410251130/tools/bin/../lib/gcc/arm-none-eabi/12.3.1/thumb/v7e-m+fp/hard/crtn.o
                0x20020000                        _estack = (ORIGIN (RAM) + LENGTH (RAM))
                0x00002000                        _Min_Heap_Size = 0x2000
                0x00004000                        _Min_Stack_Size = 0x4000

.isr_vector     0x08000000      0x1d8
                0x08000000                        . = ALIGN (0x4)
 *(.isr_vector)
 .isr_vector    0x08000000      0x1d8 ./Core/Startup/startup_stm32g474cbtx.o
                0x08000000                g_pfnVectors
                0x080001d8                        . = ALIGN (0x4)

.text           0x080001d8     0x9bec
                0x080001d8                        . = ALIGN (0x4)
 *(.text)
 .text          0x080001d8       0x40 F:/Program Files (x86)/STM32CubeIDE/STM32CubeIDE_1.17.0/STM32CubeIDE/plugins/com.st.stm32cube.ide.mcu.externaltools.gnu-tools-for-stm32.12.3.rel1.win32_1.1.0.202410251130/tools/bin/../lib/gcc/arm-none-eabi/12.3.1/thumb/v7e-m+fp/hard/crtbegin.o
 .text          0x08000218       0x30 F:/Program Files (x86)/STM32CubeIDE/STM32CubeIDE_1.17.0/STM32CubeIDE/plugins/com.st.stm32cube.ide.mcu.externaltools.gnu-tools-for-stm32.12.3.rel1.win32_1.1.0.202410251130/tools/bin/../lib/gcc/arm-none-eabi/12.3.1/thumb/v7e-m+fp/hard\libgcc.a(_aeabi_uldivmod.o)
                0x08000218                __aeabi_uldivmod
 .text          0x08000248      0x2bc F:/Program Files (x86)/STM32CubeIDE/STM32CubeIDE_1.17.0/STM32CubeIDE/plugins/com.st.stm32cube.ide.mcu.externaltools.gnu-tools-for-stm32.12.3.rel1.win32_1.1.0.202410251130/tools/bin/../lib/gcc/arm-none-eabi/12.3.1/thumb/v7e-m+fp/hard\libgcc.a(_udivmoddi4.o)
                0x08000248                __udivmoddi4
 .text          0x08000504        0x4 F:/Program Files (x86)/STM32CubeIDE/STM32CubeIDE_1.17.0/STM32CubeIDE/plugins/com.st.stm32cube.ide.mcu.externaltools.gnu-tools-for-stm32.12.3.rel1.win32_1.1.0.202410251130/tools/bin/../lib/gcc/arm-none-eabi/12.3.1/thumb/v7e-m+fp/hard\libgcc.a(_dvmd_tls.o)
                0x08000504                __aeabi_idiv0
                0x08000504                __aeabi_ldiv0
 *(.text*)
 .text.MX_ADC1_Init
                0x08000508      0x164 ./Core/Src/adc.o
                0x08000508                MX_ADC1_Init
 .text.MX_ADC2_Init
                0x0800066c      0x140 ./Core/Src/adc.o
                0x0800066c                MX_ADC2_Init
 .text.MX_ADC3_Init
                0x080007ac      0x128 ./Core/Src/adc.o
                0x080007ac                MX_ADC3_Init
 .text.HAL_ADC_MspInit
                0x080008d4      0x360 ./Core/Src/adc.o
                0x080008d4                HAL_ADC_MspInit
 .text.MX_DMA_Init
                0x08000c34       0x84 ./Core/Src/dma.o
                0x08000c34                MX_DMA_Init
 .text.MX_FDCAN1_Init
                0x08000cb8       0x8c ./Core/Src/fdcan.o
                0x08000cb8                MX_FDCAN1_Init
 .text.HAL_FDCAN_MspInit
                0x08000d44       0xd4 ./Core/Src/fdcan.o
                0x08000d44                HAL_FDCAN_MspInit
 .text.MX_FMAC_Init
                0x08000e18       0x28 ./Core/Src/fmac.o
                0x08000e18                MX_FMAC_Init
 .text.HAL_FMAC_MspInit
                0x08000e40       0x40 ./Core/Src/fmac.o
                0x08000e40                HAL_FMAC_MspInit
 .text.MX_GPIO_Init
                0x08000e80       0xb0 ./Core/Src/gpio.o
                0x08000e80                MX_GPIO_Init
 .text.MX_HRTIM1_Init
                0x08000f30      0x3cc ./Core/Src/hrtim.o
                0x08000f30                MX_HRTIM1_Init
 .text.HAL_HRTIM_MspInit
                0x080012fc       0x4c ./Core/Src/hrtim.o
                0x080012fc                HAL_HRTIM_MspInit
 .text.HAL_HRTIM_MspPostInit
                0x08001348       0xac ./Core/Src/hrtim.o
                0x08001348                HAL_HRTIM_MspPostInit
 .text.main     0x080013f4       0x60 ./Core/Src/main.o
                0x080013f4                main
 .text.SystemClock_Config
                0x08001454       0x94 ./Core/Src/main.o
                0x08001454                SystemClock_Config
 .text.Error_Handler
                0x080014e8        0xc ./Core/Src/main.o
                0x080014e8                Error_Handler
 .text.HAL_MspInit
                0x080014f4       0x48 ./Core/Src/stm32g4xx_hal_msp.o
                0x080014f4                HAL_MspInit
 .text.NMI_Handler
                0x0800153c        0x8 ./Core/Src/stm32g4xx_it.o
                0x0800153c                NMI_Handler
 .text.HardFault_Handler
                0x08001544        0x8 ./Core/Src/stm32g4xx_it.o
                0x08001544                HardFault_Handler
 .text.MemManage_Handler
                0x0800154c        0x8 ./Core/Src/stm32g4xx_it.o
                0x0800154c                MemManage_Handler
 .text.BusFault_Handler
                0x08001554        0x8 ./Core/Src/stm32g4xx_it.o
                0x08001554                BusFault_Handler
 .text.UsageFault_Handler
                0x0800155c        0x8 ./Core/Src/stm32g4xx_it.o
                0x0800155c                UsageFault_Handler
 .text.SVC_Handler
                0x08001564        0xe ./Core/Src/stm32g4xx_it.o
                0x08001564                SVC_Handler
 .text.DebugMon_Handler
                0x08001572        0xe ./Core/Src/stm32g4xx_it.o
                0x08001572                DebugMon_Handler
 .text.PendSV_Handler
                0x08001580        0xe ./Core/Src/stm32g4xx_it.o
                0x08001580                PendSV_Handler
 .text.SysTick_Handler
                0x0800158e        0xc ./Core/Src/stm32g4xx_it.o
                0x0800158e                SysTick_Handler
 *fill*         0x0800159a        0x2 
 .text.DMA1_Channel1_IRQHandler
                0x0800159c       0x14 ./Core/Src/stm32g4xx_it.o
                0x0800159c                DMA1_Channel1_IRQHandler
 .text.DMA1_Channel2_IRQHandler
                0x080015b0       0x14 ./Core/Src/stm32g4xx_it.o
                0x080015b0                DMA1_Channel2_IRQHandler
 .text.DMA1_Channel3_IRQHandler
                0x080015c4       0x14 ./Core/Src/stm32g4xx_it.o
                0x080015c4                DMA1_Channel3_IRQHandler
 .text.DMA1_Channel6_IRQHandler
                0x080015d8       0x14 ./Core/Src/stm32g4xx_it.o
                0x080015d8                DMA1_Channel6_IRQHandler
 .text.ADC1_2_IRQHandler
                0x080015ec       0x1c ./Core/Src/stm32g4xx_it.o
                0x080015ec                ADC1_2_IRQHandler
 .text.FDCAN1_IT0_IRQHandler
                0x08001608       0x14 ./Core/Src/stm32g4xx_it.o
                0x08001608                FDCAN1_IT0_IRQHandler
 .text.FDCAN1_IT1_IRQHandler
                0x0800161c       0x14 ./Core/Src/stm32g4xx_it.o
                0x0800161c                FDCAN1_IT1_IRQHandler
 .text.ADC3_IRQHandler
                0x08001630       0x14 ./Core/Src/stm32g4xx_it.o
                0x08001630                ADC3_IRQHandler
 .text.TIM6_DAC_IRQHandler
                0x08001644       0x14 ./Core/Src/stm32g4xx_it.o
                0x08001644                TIM6_DAC_IRQHandler
 .text.HRTIM1_Master_IRQHandler
                0x08001658       0x14 ./Core/Src/stm32g4xx_it.o
                0x08001658                HRTIM1_Master_IRQHandler
 .text.LPUART1_IRQHandler
                0x0800166c       0x14 ./Core/Src/stm32g4xx_it.o
                0x0800166c                LPUART1_IRQHandler
 .text.SystemInit
                0x08001680       0x24 ./Core/Src/system_stm32g4xx.o
                0x08001680                SystemInit
 .text.MX_TIM6_Init
                0x080016a4       0x6c ./Core/Src/tim.o
                0x080016a4                MX_TIM6_Init
 .text.HAL_TIM_Base_MspInit
                0x08001710       0x4c ./Core/Src/tim.o
                0x08001710                HAL_TIM_Base_MspInit
 .text.MX_LPUART1_UART_Init
                0x0800175c       0x94 ./Core/Src/usart.o
                0x0800175c                MX_LPUART1_UART_Init
 .text.HAL_UART_MspInit
                0x080017f0      0x11c ./Core/Src/usart.o
                0x080017f0                HAL_UART_MspInit
 .text.Reset_Handler
                0x0800190c       0x50 ./Core/Startup/startup_stm32g474cbtx.o
                0x0800190c                Reset_Handler
 .text.Default_Handler
                0x0800195c        0x2 ./Core/Startup/startup_stm32g474cbtx.o
                0x0800195c                RTC_Alarm_IRQHandler
                0x0800195c                EXTI2_IRQHandler
                0x0800195c                TIM8_TRG_COM_IRQHandler
                0x0800195c                TIM8_CC_IRQHandler
                0x0800195c                SPI4_IRQHandler
                0x0800195c                FDCAN3_IT0_IRQHandler
                0x0800195c                TIM1_CC_IRQHandler
                0x0800195c                HRTIM1_FLT_IRQHandler
                0x0800195c                HRTIM1_TIMF_IRQHandler
                0x0800195c                USB_HP_IRQHandler
                0x0800195c                CORDIC_IRQHandler
                0x0800195c                HRTIM1_TIMD_IRQHandler
                0x0800195c                DMA2_Channel8_IRQHandler
                0x0800195c                EXTI3_IRQHandler
                0x0800195c                I2C3_ER_IRQHandler
                0x0800195c                EXTI0_IRQHandler
                0x0800195c                I2C2_EV_IRQHandler
                0x0800195c                FPU_IRQHandler
                0x0800195c                TIM1_UP_TIM16_IRQHandler
                0x0800195c                HRTIM1_TIME_IRQHandler
                0x0800195c                SPI1_IRQHandler
                0x0800195c                HRTIM1_TIMC_IRQHandler
                0x0800195c                TIM8_UP_IRQHandler
                0x0800195c                DMA2_Channel2_IRQHandler
                0x0800195c                DMA1_Channel4_IRQHandler
                0x0800195c                TIM20_TRG_COM_IRQHandler
                0x0800195c                USART3_IRQHandler
                0x0800195c                DMA1_Channel7_IRQHandler
                0x0800195c                UART5_IRQHandler
                0x0800195c                TIM4_IRQHandler
                0x0800195c                DMA2_Channel1_IRQHandler
                0x0800195c                QUADSPI_IRQHandler
                0x0800195c                I2C1_EV_IRQHandler
                0x0800195c                UART4_IRQHandler
                0x0800195c                DMA2_Channel4_IRQHandler
                0x0800195c                TIM3_IRQHandler
                0x0800195c                RCC_IRQHandler
                0x0800195c                TIM20_UP_IRQHandler
                0x0800195c                Default_Handler
                0x0800195c                DMA2_Channel7_IRQHandler
                0x0800195c                RTC_TAMP_LSECSS_IRQHandler
                0x0800195c                FMAC_IRQHandler
                0x0800195c                EXTI15_10_IRQHandler
                0x0800195c                DMA1_Channel8_IRQHandler
                0x0800195c                HRTIM1_TIMA_IRQHandler
                0x0800195c                TIM7_DAC_IRQHandler
                0x0800195c                FDCAN3_IT1_IRQHandler
                0x0800195c                TIM5_IRQHandler
                0x0800195c                UCPD1_IRQHandler
                0x0800195c                I2C3_EV_IRQHandler
                0x0800195c                EXTI9_5_IRQHandler
                0x0800195c                RTC_WKUP_IRQHandler
                0x0800195c                PVD_PVM_IRQHandler
                0x0800195c                SPI2_IRQHandler
                0x0800195c                ADC5_IRQHandler
                0x0800195c                DMA2_Channel5_IRQHandler
                0x0800195c                CRS_IRQHandler
                0x0800195c                DMA1_Channel5_IRQHandler
                0x0800195c                USB_LP_IRQHandler
                0x0800195c                EXTI4_IRQHandler
                0x0800195c                RNG_IRQHandler
                0x0800195c                HRTIM1_TIMB_IRQHandler
                0x0800195c                TIM1_TRG_COM_TIM17_IRQHandler
                0x0800195c                FDCAN2_IT1_IRQHandler
                0x0800195c                ADC4_IRQHandler
                0x0800195c                WWDG_IRQHandler
                0x0800195c                I2C4_EV_IRQHandler
                0x0800195c                FDCAN2_IT0_IRQHandler
                0x0800195c                DMA2_Channel6_IRQHandler
                0x0800195c                TIM2_IRQHandler
                0x0800195c                COMP7_IRQHandler
                0x0800195c                COMP1_2_3_IRQHandler
                0x0800195c                EXTI1_IRQHandler
                0x0800195c                USART2_IRQHandler
                0x0800195c                COMP4_5_6_IRQHandler
                0x0800195c                TIM20_BRK_IRQHandler
                0x0800195c                I2C2_ER_IRQHandler
                0x0800195c                TIM8_BRK_IRQHandler
                0x0800195c                FLASH_IRQHandler
                0x0800195c                TIM20_CC_IRQHandler
                0x0800195c                USART1_IRQHandler
                0x0800195c                SPI3_IRQHandler
                0x0800195c                I2C1_ER_IRQHandler
                0x0800195c                FMC_IRQHandler
                0x0800195c                LPTIM1_IRQHandler
                0x0800195c                DMAMUX_OVR_IRQHandler
                0x0800195c                I2C4_ER_IRQHandler
                0x0800195c                USBWakeUp_IRQHandler
                0x0800195c                SAI1_IRQHandler
                0x0800195c                DMA2_Channel3_IRQHandler
                0x0800195c                TIM1_BRK_TIM15_IRQHandler
 .text.HAL_Init
                0x0800195e       0x30 ./Drivers/STM32G4xx_HAL_Driver/Src/stm32g4xx_hal.o
                0x0800195e                HAL_Init
 *fill*         0x0800198e        0x2 
 .text.HAL_InitTick
                0x08001990       0x74 ./Drivers/STM32G4xx_HAL_Driver/Src/stm32g4xx_hal.o
                0x08001990                HAL_InitTick
 .text.HAL_IncTick
                0x08001a04       0x24 ./Drivers/STM32G4xx_HAL_Driver/Src/stm32g4xx_hal.o
                0x08001a04                HAL_IncTick
 .text.HAL_GetTick
                0x08001a28       0x18 ./Drivers/STM32G4xx_HAL_Driver/Src/stm32g4xx_hal.o
                0x08001a28                HAL_GetTick
 .text.HAL_Delay
                0x08001a40       0x44 ./Drivers/STM32G4xx_HAL_Driver/Src/stm32g4xx_hal.o
                0x08001a40                HAL_Delay
 .text.LL_ADC_SetCommonClock
                0x08001a84       0x26 ./Drivers/STM32G4xx_HAL_Driver/Src/stm32g4xx_hal_adc.o
 .text.LL_ADC_SetCommonPathInternalCh
                0x08001aaa       0x26 ./Drivers/STM32G4xx_HAL_Driver/Src/stm32g4xx_hal_adc.o
 .text.LL_ADC_GetCommonPathInternalCh
                0x08001ad0       0x1c ./Drivers/STM32G4xx_HAL_Driver/Src/stm32g4xx_hal_adc.o
 .text.LL_ADC_SetOffset
                0x08001aec       0x48 ./Drivers/STM32G4xx_HAL_Driver/Src/stm32g4xx_hal_adc.o
 .text.LL_ADC_GetOffsetChannel
                0x08001b34       0x2c ./Drivers/STM32G4xx_HAL_Driver/Src/stm32g4xx_hal_adc.o
 .text.LL_ADC_SetOffsetState
                0x08001b60       0x36 ./Drivers/STM32G4xx_HAL_Driver/Src/stm32g4xx_hal_adc.o
 .text.LL_ADC_SetOffsetSign
                0x08001b96       0x36 ./Drivers/STM32G4xx_HAL_Driver/Src/stm32g4xx_hal_adc.o
 .text.LL_ADC_SetOffsetSaturation
                0x08001bcc       0x36 ./Drivers/STM32G4xx_HAL_Driver/Src/stm32g4xx_hal_adc.o
 .text.LL_ADC_SetSamplingTimeCommonConfig
                0x08001c02       0x26 ./Drivers/STM32G4xx_HAL_Driver/Src/stm32g4xx_hal_adc.o
 .text.LL_ADC_REG_IsTriggerSourceSWStart
                0x08001c28       0x26 ./Drivers/STM32G4xx_HAL_Driver/Src/stm32g4xx_hal_adc.o
 .text.LL_ADC_REG_SetSequencerRanks
                0x08001c4e       0x58 ./Drivers/STM32G4xx_HAL_Driver/Src/stm32g4xx_hal_adc.o
 .text.LL_ADC_INJ_IsTriggerSourceSWStart
                0x08001ca6       0x26 ./Drivers/STM32G4xx_HAL_Driver/Src/stm32g4xx_hal_adc.o
 .text.LL_ADC_SetChannelSamplingTime
                0x08001ccc       0x56 ./Drivers/STM32G4xx_HAL_Driver/Src/stm32g4xx_hal_adc.o
 *fill*         0x08001d22        0x2 
 .text.LL_ADC_SetChannelSingleDiff
                0x08001d24       0x48 ./Drivers/STM32G4xx_HAL_Driver/Src/stm32g4xx_hal_adc.o
 .text.LL_ADC_GetMultimode
                0x08001d6c       0x1c ./Drivers/STM32G4xx_HAL_Driver/Src/stm32g4xx_hal_adc.o
 .text.LL_ADC_GetMultiDMATransfer
                0x08001d88       0x1c ./Drivers/STM32G4xx_HAL_Driver/Src/stm32g4xx_hal_adc.o
 .text.LL_ADC_DisableDeepPowerDown
                0x08001da4       0x24 ./Drivers/STM32G4xx_HAL_Driver/Src/stm32g4xx_hal_adc.o
 .text.LL_ADC_IsDeepPowerDownEnabled
                0x08001dc8       0x28 ./Drivers/STM32G4xx_HAL_Driver/Src/stm32g4xx_hal_adc.o
 .text.LL_ADC_EnableInternalRegulator
                0x08001df0       0x28 ./Drivers/STM32G4xx_HAL_Driver/Src/stm32g4xx_hal_adc.o
 .text.LL_ADC_IsInternalRegulatorEnabled
                0x08001e18       0x28 ./Drivers/STM32G4xx_HAL_Driver/Src/stm32g4xx_hal_adc.o
 .text.LL_ADC_Enable
                0x08001e40       0x28 ./Drivers/STM32G4xx_HAL_Driver/Src/stm32g4xx_hal_adc.o
 .text.LL_ADC_Disable
                0x08001e68       0x28 ./Drivers/STM32G4xx_HAL_Driver/Src/stm32g4xx_hal_adc.o
 .text.LL_ADC_IsEnabled
                0x08001e90       0x26 ./Drivers/STM32G4xx_HAL_Driver/Src/stm32g4xx_hal_adc.o
 .text.LL_ADC_IsDisableOngoing
                0x08001eb6       0x26 ./Drivers/STM32G4xx_HAL_Driver/Src/stm32g4xx_hal_adc.o
 .text.LL_ADC_REG_StartConversion
                0x08001edc       0x28 ./Drivers/STM32G4xx_HAL_Driver/Src/stm32g4xx_hal_adc.o
 .text.LL_ADC_REG_IsConversionOngoing
                0x08001f04       0x26 ./Drivers/STM32G4xx_HAL_Driver/Src/stm32g4xx_hal_adc.o
 .text.LL_ADC_INJ_IsConversionOngoing
                0x08001f2a       0x26 ./Drivers/STM32G4xx_HAL_Driver/Src/stm32g4xx_hal_adc.o
 .text.HAL_ADC_Init
                0x08001f50      0x378 ./Drivers/STM32G4xx_HAL_Driver/Src/stm32g4xx_hal_adc.o
                0x08001f50                HAL_ADC_Init
 .text.HAL_ADC_Start_DMA
                0x080022c8      0x1a8 ./Drivers/STM32G4xx_HAL_Driver/Src/stm32g4xx_hal_adc.o
                0x080022c8                HAL_ADC_Start_DMA
 .text.HAL_ADC_IRQHandler
                0x08002470      0x4c0 ./Drivers/STM32G4xx_HAL_Driver/Src/stm32g4xx_hal_adc.o
                0x08002470                HAL_ADC_IRQHandler
 .text.HAL_ADC_LevelOutOfWindowCallback
                0x08002930       0x14 ./Drivers/STM32G4xx_HAL_Driver/Src/stm32g4xx_hal_adc.o
                0x08002930                HAL_ADC_LevelOutOfWindowCallback
 .text.HAL_ADC_ErrorCallback
                0x08002944       0x14 ./Drivers/STM32G4xx_HAL_Driver/Src/stm32g4xx_hal_adc.o
                0x08002944                HAL_ADC_ErrorCallback
 .text.HAL_ADC_ConfigChannel
                0x08002958      0x880 ./Drivers/STM32G4xx_HAL_Driver/Src/stm32g4xx_hal_adc.o
                0x08002958                HAL_ADC_ConfigChannel
 .text.ADC_Enable
                0x080031d8      0x12c ./Drivers/STM32G4xx_HAL_Driver/Src/stm32g4xx_hal_adc.o
                0x080031d8                ADC_Enable
 .text.ADC_Disable
                0x08003304       0xbe ./Drivers/STM32G4xx_HAL_Driver/Src/stm32g4xx_hal_adc.o
                0x08003304                ADC_Disable
 .text.ADC_DMAConvCplt
                0x080033c2       0xd8 ./Drivers/STM32G4xx_HAL_Driver/Src/stm32g4xx_hal_adc.o
                0x080033c2                ADC_DMAConvCplt
 .text.ADC_DMAHalfConvCplt
                0x0800349a       0x1c ./Drivers/STM32G4xx_HAL_Driver/Src/stm32g4xx_hal_adc.o
                0x0800349a                ADC_DMAHalfConvCplt
 .text.ADC_DMAError
                0x080034b6       0x34 ./Drivers/STM32G4xx_HAL_Driver/Src/stm32g4xx_hal_adc.o
                0x080034b6                ADC_DMAError
 .text.LL_ADC_IsEnabled
                0x080034ea       0x26 ./Drivers/STM32G4xx_HAL_Driver/Src/stm32g4xx_hal_adc_ex.o
 .text.LL_ADC_StartCalibration
                0x08003510       0x32 ./Drivers/STM32G4xx_HAL_Driver/Src/stm32g4xx_hal_adc_ex.o
 .text.LL_ADC_IsCalibrationOnGoing
                0x08003542       0x28 ./Drivers/STM32G4xx_HAL_Driver/Src/stm32g4xx_hal_adc_ex.o
 .text.LL_ADC_REG_IsConversionOngoing
                0x0800356a       0x26 ./Drivers/STM32G4xx_HAL_Driver/Src/stm32g4xx_hal_adc_ex.o
 .text.HAL_ADCEx_Calibration_Start
                0x08003590       0xc4 ./Drivers/STM32G4xx_HAL_Driver/Src/stm32g4xx_hal_adc_ex.o
                0x08003590                HAL_ADCEx_Calibration_Start
 .text.HAL_ADCEx_InjectedConvCpltCallback
                0x08003654       0x14 ./Drivers/STM32G4xx_HAL_Driver/Src/stm32g4xx_hal_adc_ex.o
                0x08003654                HAL_ADCEx_InjectedConvCpltCallback
 .text.HAL_ADCEx_InjectedQueueOverflowCallback
                0x08003668       0x14 ./Drivers/STM32G4xx_HAL_Driver/Src/stm32g4xx_hal_adc_ex.o
                0x08003668                HAL_ADCEx_InjectedQueueOverflowCallback
 .text.HAL_ADCEx_LevelOutOfWindow2Callback
                0x0800367c       0x14 ./Drivers/STM32G4xx_HAL_Driver/Src/stm32g4xx_hal_adc_ex.o
                0x0800367c                HAL_ADCEx_LevelOutOfWindow2Callback
 .text.HAL_ADCEx_LevelOutOfWindow3Callback
                0x08003690       0x14 ./Drivers/STM32G4xx_HAL_Driver/Src/stm32g4xx_hal_adc_ex.o
                0x08003690                HAL_ADCEx_LevelOutOfWindow3Callback
 .text.HAL_ADCEx_EndOfSamplingCallback
                0x080036a4       0x14 ./Drivers/STM32G4xx_HAL_Driver/Src/stm32g4xx_hal_adc_ex.o
                0x080036a4                HAL_ADCEx_EndOfSamplingCallback
 .text.HAL_ADCEx_MultiModeConfigChannel
                0x080036b8      0x210 ./Drivers/STM32G4xx_HAL_Driver/Src/stm32g4xx_hal_adc_ex.o
                0x080036b8                HAL_ADCEx_MultiModeConfigChannel
 .text.__NVIC_SetPriorityGrouping
                0x080038c8       0x48 ./Drivers/STM32G4xx_HAL_Driver/Src/stm32g4xx_hal_cortex.o
 .text.__NVIC_GetPriorityGrouping
                0x08003910       0x1c ./Drivers/STM32G4xx_HAL_Driver/Src/stm32g4xx_hal_cortex.o
 .text.__NVIC_EnableIRQ
                0x0800392c       0x3c ./Drivers/STM32G4xx_HAL_Driver/Src/stm32g4xx_hal_cortex.o
 .text.__NVIC_SetPriority
                0x08003968       0x54 ./Drivers/STM32G4xx_HAL_Driver/Src/stm32g4xx_hal_cortex.o
 .text.NVIC_EncodePriority
                0x080039bc       0x66 ./Drivers/STM32G4xx_HAL_Driver/Src/stm32g4xx_hal_cortex.o
 *fill*         0x08003a22        0x2 
 .text.SysTick_Config
                0x08003a24       0x44 ./Drivers/STM32G4xx_HAL_Driver/Src/stm32g4xx_hal_cortex.o
 .text.HAL_NVIC_SetPriorityGrouping
                0x08003a68       0x16 ./Drivers/STM32G4xx_HAL_Driver/Src/stm32g4xx_hal_cortex.o
                0x08003a68                HAL_NVIC_SetPriorityGrouping
 .text.HAL_NVIC_SetPriority
                0x08003a7e       0x34 ./Drivers/STM32G4xx_HAL_Driver/Src/stm32g4xx_hal_cortex.o
                0x08003a7e                HAL_NVIC_SetPriority
 .text.HAL_NVIC_EnableIRQ
                0x08003ab2       0x1c ./Drivers/STM32G4xx_HAL_Driver/Src/stm32g4xx_hal_cortex.o
                0x08003ab2                HAL_NVIC_EnableIRQ
 .text.HAL_SYSTICK_Config
                0x08003ace       0x18 ./Drivers/STM32G4xx_HAL_Driver/Src/stm32g4xx_hal_cortex.o
                0x08003ace                HAL_SYSTICK_Config
 *fill*         0x08003ae6        0x2 
 .text.HAL_DMA_Init
                0x08003ae8      0x150 ./Drivers/STM32G4xx_HAL_Driver/Src/stm32g4xx_hal_dma.o
                0x08003ae8                HAL_DMA_Init
 .text.HAL_DMA_Start_IT
                0x08003c38       0xf6 ./Drivers/STM32G4xx_HAL_Driver/Src/stm32g4xx_hal_dma.o
                0x08003c38                HAL_DMA_Start_IT
 .text.HAL_DMA_Abort
                0x08003d2e       0xb2 ./Drivers/STM32G4xx_HAL_Driver/Src/stm32g4xx_hal_dma.o
                0x08003d2e                HAL_DMA_Abort
 .text.HAL_DMA_Abort_IT
                0x08003de0       0xce ./Drivers/STM32G4xx_HAL_Driver/Src/stm32g4xx_hal_dma.o
                0x08003de0                HAL_DMA_Abort_IT
 .text.HAL_DMA_IRQHandler
                0x08003eae      0x15e ./Drivers/STM32G4xx_HAL_Driver/Src/stm32g4xx_hal_dma.o
                0x08003eae                HAL_DMA_IRQHandler
 .text.DMA_SetConfig
                0x0800400c       0x7c ./Drivers/STM32G4xx_HAL_Driver/Src/stm32g4xx_hal_dma.o
 .text.DMA_CalcDMAMUXChannelBaseAndMask
                0x08004088       0x7c ./Drivers/STM32G4xx_HAL_Driver/Src/stm32g4xx_hal_dma.o
 .text.DMA_CalcDMAMUXRequestGenBaseAndMask
                0x08004104       0x48 ./Drivers/STM32G4xx_HAL_Driver/Src/stm32g4xx_hal_dma.o
 .text.HAL_FDCAN_Init
                0x0800414c      0x2b4 ./Drivers/STM32G4xx_HAL_Driver/Src/stm32g4xx_hal_fdcan.o
                0x0800414c                HAL_FDCAN_Init
 .text.HAL_FDCAN_IRQHandler
                0x08004400      0x24a ./Drivers/STM32G4xx_HAL_Driver/Src/stm32g4xx_hal_fdcan.o
                0x08004400                HAL_FDCAN_IRQHandler
 .text.HAL_FDCAN_TxEventFifoCallback
                0x0800464a       0x16 ./Drivers/STM32G4xx_HAL_Driver/Src/stm32g4xx_hal_fdcan.o
                0x0800464a                HAL_FDCAN_TxEventFifoCallback
 .text.HAL_FDCAN_RxFifo0Callback
                0x08004660       0x16 ./Drivers/STM32G4xx_HAL_Driver/Src/stm32g4xx_hal_fdcan.o
                0x08004660                HAL_FDCAN_RxFifo0Callback
 .text.HAL_FDCAN_RxFifo1Callback
                0x08004676       0x16 ./Drivers/STM32G4xx_HAL_Driver/Src/stm32g4xx_hal_fdcan.o
                0x08004676                HAL_FDCAN_RxFifo1Callback
 .text.HAL_FDCAN_TxFifoEmptyCallback
                0x0800468c       0x14 ./Drivers/STM32G4xx_HAL_Driver/Src/stm32g4xx_hal_fdcan.o
                0x0800468c                HAL_FDCAN_TxFifoEmptyCallback
 .text.HAL_FDCAN_TxBufferCompleteCallback
                0x080046a0       0x16 ./Drivers/STM32G4xx_HAL_Driver/Src/stm32g4xx_hal_fdcan.o
                0x080046a0                HAL_FDCAN_TxBufferCompleteCallback
 .text.HAL_FDCAN_TxBufferAbortCallback
                0x080046b6       0x16 ./Drivers/STM32G4xx_HAL_Driver/Src/stm32g4xx_hal_fdcan.o
                0x080046b6                HAL_FDCAN_TxBufferAbortCallback
 .text.HAL_FDCAN_TimestampWraparoundCallback
                0x080046cc       0x14 ./Drivers/STM32G4xx_HAL_Driver/Src/stm32g4xx_hal_fdcan.o
                0x080046cc                HAL_FDCAN_TimestampWraparoundCallback
 .text.HAL_FDCAN_TimeoutOccurredCallback
                0x080046e0       0x14 ./Drivers/STM32G4xx_HAL_Driver/Src/stm32g4xx_hal_fdcan.o
                0x080046e0                HAL_FDCAN_TimeoutOccurredCallback
 .text.HAL_FDCAN_HighPriorityMessageCallback
                0x080046f4       0x14 ./Drivers/STM32G4xx_HAL_Driver/Src/stm32g4xx_hal_fdcan.o
                0x080046f4                HAL_FDCAN_HighPriorityMessageCallback
 .text.HAL_FDCAN_ErrorCallback
                0x08004708       0x14 ./Drivers/STM32G4xx_HAL_Driver/Src/stm32g4xx_hal_fdcan.o
                0x08004708                HAL_FDCAN_ErrorCallback
 .text.HAL_FDCAN_ErrorStatusCallback
                0x0800471c       0x16 ./Drivers/STM32G4xx_HAL_Driver/Src/stm32g4xx_hal_fdcan.o
                0x0800471c                HAL_FDCAN_ErrorStatusCallback
 *fill*         0x08004732        0x2 
 .text.FDCAN_CalcultateRamBlockAddresses
                0x08004734       0xd8 ./Drivers/STM32G4xx_HAL_Driver/Src/stm32g4xx_hal_fdcan.o
 .text.HAL_FMAC_Init
                0x0800480c       0x82 ./Drivers/STM32G4xx_HAL_Driver/Src/stm32g4xx_hal_fmac.o
                0x0800480c                HAL_FMAC_Init
 .text.FMAC_Reset
                0x0800488e       0x5e ./Drivers/STM32G4xx_HAL_Driver/Src/stm32g4xx_hal_fmac.o
 .text.FMAC_ResetDataPointers
                0x080048ec       0x1c ./Drivers/STM32G4xx_HAL_Driver/Src/stm32g4xx_hal_fmac.o
 .text.FMAC_ResetInputStateAndDataPointers
                0x08004908       0x2e ./Drivers/STM32G4xx_HAL_Driver/Src/stm32g4xx_hal_fmac.o
 .text.FMAC_ResetOutputStateAndDataPointers
                0x08004936       0x2e ./Drivers/STM32G4xx_HAL_Driver/Src/stm32g4xx_hal_fmac.o
 .text.HAL_GPIO_Init
                0x08004964      0x304 ./Drivers/STM32G4xx_HAL_Driver/Src/stm32g4xx_hal_gpio.o
                0x08004964                HAL_GPIO_Init
 .text.HAL_GPIO_WritePin
                0x08004c68       0x30 ./Drivers/STM32G4xx_HAL_Driver/Src/stm32g4xx_hal_gpio.o
                0x08004c68                HAL_GPIO_WritePin
 .text.HAL_GPIO_TogglePin
                0x08004c98       0x34 ./Drivers/STM32G4xx_HAL_Driver/Src/stm32g4xx_hal_gpio.o
                0x08004c98                HAL_GPIO_TogglePin
 .text.HAL_HRTIM_Init
                0x08004ccc      0x1a0 ./Drivers/STM32G4xx_HAL_Driver/Src/stm32g4xx_hal_hrtim.o
                0x08004ccc                HAL_HRTIM_Init
 .text.HAL_HRTIM_DLLCalibrationStart
                0x08004e6c       0xb0 ./Drivers/STM32G4xx_HAL_Driver/Src/stm32g4xx_hal_hrtim.o
                0x08004e6c                HAL_HRTIM_DLLCalibrationStart
 .text.HAL_HRTIM_PollForDLLCalibration
                0x08004f1c       0x68 ./Drivers/STM32G4xx_HAL_Driver/Src/stm32g4xx_hal_hrtim.o
                0x08004f1c                HAL_HRTIM_PollForDLLCalibration
 .text.HAL_HRTIM_TimeBaseConfig
                0x08004f84       0x50 ./Drivers/STM32G4xx_HAL_Driver/Src/stm32g4xx_hal_hrtim.o
                0x08004f84                HAL_HRTIM_TimeBaseConfig
 .text.HAL_HRTIM_ADCTriggerConfig
                0x08004fd4      0x3d8 ./Drivers/STM32G4xx_HAL_Driver/Src/stm32g4xx_hal_hrtim.o
                0x08004fd4                HAL_HRTIM_ADCTriggerConfig
 .text.HAL_HRTIM_ADCPostScalerConfig
                0x080053ac      0x294 ./Drivers/STM32G4xx_HAL_Driver/Src/stm32g4xx_hal_hrtim.o
                0x080053ac                HAL_HRTIM_ADCPostScalerConfig
 .text.HAL_HRTIM_WaveformTimerConfig
                0x08005640      0x11a ./Drivers/STM32G4xx_HAL_Driver/Src/stm32g4xx_hal_hrtim.o
                0x08005640                HAL_HRTIM_WaveformTimerConfig
 .text.HAL_HRTIM_WaveformTimerControl
                0x0800575a       0x66 ./Drivers/STM32G4xx_HAL_Driver/Src/stm32g4xx_hal_hrtim.o
                0x0800575a                HAL_HRTIM_WaveformTimerControl
 .text.HAL_HRTIM_DeadTimeConfig
                0x080057c0      0x100 ./Drivers/STM32G4xx_HAL_Driver/Src/stm32g4xx_hal_hrtim.o
                0x080057c0                HAL_HRTIM_DeadTimeConfig
 .text.HAL_HRTIM_WaveformCompareConfig
                0x080058c0      0x2dc ./Drivers/STM32G4xx_HAL_Driver/Src/stm32g4xx_hal_hrtim.o
                0x080058c0                HAL_HRTIM_WaveformCompareConfig
 .text.HAL_HRTIM_WaveformOutputConfig
                0x08005b9c       0x62 ./Drivers/STM32G4xx_HAL_Driver/Src/stm32g4xx_hal_hrtim.o
                0x08005b9c                HAL_HRTIM_WaveformOutputConfig
 .text.HAL_HRTIM_WaveformOutputStart
                0x08005bfe       0x5a ./Drivers/STM32G4xx_HAL_Driver/Src/stm32g4xx_hal_hrtim.o
                0x08005bfe                HAL_HRTIM_WaveformOutputStart
 .text.HAL_HRTIM_WaveformCountStart
                0x08005c58       0x56 ./Drivers/STM32G4xx_HAL_Driver/Src/stm32g4xx_hal_hrtim.o
                0x08005c58                HAL_HRTIM_WaveformCountStart
 .text.HAL_HRTIM_IRQHandler
                0x08005cae       0x36 ./Drivers/STM32G4xx_HAL_Driver/Src/stm32g4xx_hal_hrtim.o
                0x08005cae                HAL_HRTIM_IRQHandler
 .text.HAL_HRTIM_Fault1Callback
                0x08005ce4       0x14 ./Drivers/STM32G4xx_HAL_Driver/Src/stm32g4xx_hal_hrtim.o
                0x08005ce4                HAL_HRTIM_Fault1Callback
 .text.HAL_HRTIM_Fault2Callback
                0x08005cf8       0x14 ./Drivers/STM32G4xx_HAL_Driver/Src/stm32g4xx_hal_hrtim.o
                0x08005cf8                HAL_HRTIM_Fault2Callback
 .text.HAL_HRTIM_Fault3Callback
                0x08005d0c       0x14 ./Drivers/STM32G4xx_HAL_Driver/Src/stm32g4xx_hal_hrtim.o
                0x08005d0c                HAL_HRTIM_Fault3Callback
 .text.HAL_HRTIM_Fault4Callback
                0x08005d20       0x14 ./Drivers/STM32G4xx_HAL_Driver/Src/stm32g4xx_hal_hrtim.o
                0x08005d20                HAL_HRTIM_Fault4Callback
 .text.HAL_HRTIM_Fault5Callback
                0x08005d34       0x14 ./Drivers/STM32G4xx_HAL_Driver/Src/stm32g4xx_hal_hrtim.o
                0x08005d34                HAL_HRTIM_Fault5Callback
 .text.HAL_HRTIM_Fault6Callback
                0x08005d48       0x14 ./Drivers/STM32G4xx_HAL_Driver/Src/stm32g4xx_hal_hrtim.o
                0x08005d48                HAL_HRTIM_Fault6Callback
 .text.HAL_HRTIM_SystemFaultCallback
                0x08005d5c       0x14 ./Drivers/STM32G4xx_HAL_Driver/Src/stm32g4xx_hal_hrtim.o
                0x08005d5c                HAL_HRTIM_SystemFaultCallback
 .text.HAL_HRTIM_DLLCalibrationReadyCallback
                0x08005d70       0x14 ./Drivers/STM32G4xx_HAL_Driver/Src/stm32g4xx_hal_hrtim.o
                0x08005d70                HAL_HRTIM_DLLCalibrationReadyCallback
 .text.HAL_HRTIM_BurstModePeriodCallback
                0x08005d84       0x14 ./Drivers/STM32G4xx_HAL_Driver/Src/stm32g4xx_hal_hrtim.o
                0x08005d84                HAL_HRTIM_BurstModePeriodCallback
 .text.HAL_HRTIM_SynchronizationEventCallback
                0x08005d98       0x14 ./Drivers/STM32G4xx_HAL_Driver/Src/stm32g4xx_hal_hrtim.o
                0x08005d98                HAL_HRTIM_SynchronizationEventCallback
 .text.HAL_HRTIM_RegistersUpdateCallback
                0x08005dac       0x16 ./Drivers/STM32G4xx_HAL_Driver/Src/stm32g4xx_hal_hrtim.o
                0x08005dac                HAL_HRTIM_RegistersUpdateCallback
 .text.HAL_HRTIM_RepetitionEventCallback
                0x08005dc2       0x16 ./Drivers/STM32G4xx_HAL_Driver/Src/stm32g4xx_hal_hrtim.o
                0x08005dc2                HAL_HRTIM_RepetitionEventCallback
 .text.HAL_HRTIM_Compare1EventCallback
                0x08005dd8       0x16 ./Drivers/STM32G4xx_HAL_Driver/Src/stm32g4xx_hal_hrtim.o
                0x08005dd8                HAL_HRTIM_Compare1EventCallback
 .text.HAL_HRTIM_Compare2EventCallback
                0x08005dee       0x16 ./Drivers/STM32G4xx_HAL_Driver/Src/stm32g4xx_hal_hrtim.o
                0x08005dee                HAL_HRTIM_Compare2EventCallback
 .text.HAL_HRTIM_Compare3EventCallback
                0x08005e04       0x16 ./Drivers/STM32G4xx_HAL_Driver/Src/stm32g4xx_hal_hrtim.o
                0x08005e04                HAL_HRTIM_Compare3EventCallback
 .text.HAL_HRTIM_Compare4EventCallback
                0x08005e1a       0x16 ./Drivers/STM32G4xx_HAL_Driver/Src/stm32g4xx_hal_hrtim.o
                0x08005e1a                HAL_HRTIM_Compare4EventCallback
 .text.HAL_HRTIM_Capture1EventCallback
                0x08005e30       0x16 ./Drivers/STM32G4xx_HAL_Driver/Src/stm32g4xx_hal_hrtim.o
                0x08005e30                HAL_HRTIM_Capture1EventCallback
 .text.HAL_HRTIM_Capture2EventCallback
                0x08005e46       0x16 ./Drivers/STM32G4xx_HAL_Driver/Src/stm32g4xx_hal_hrtim.o
                0x08005e46                HAL_HRTIM_Capture2EventCallback
 .text.HAL_HRTIM_DelayedProtectionCallback
                0x08005e5c       0x16 ./Drivers/STM32G4xx_HAL_Driver/Src/stm32g4xx_hal_hrtim.o
                0x08005e5c                HAL_HRTIM_DelayedProtectionCallback
 .text.HAL_HRTIM_CounterResetCallback
                0x08005e72       0x16 ./Drivers/STM32G4xx_HAL_Driver/Src/stm32g4xx_hal_hrtim.o
                0x08005e72                HAL_HRTIM_CounterResetCallback
 .text.HAL_HRTIM_Output1SetCallback
                0x08005e88       0x16 ./Drivers/STM32G4xx_HAL_Driver/Src/stm32g4xx_hal_hrtim.o
                0x08005e88                HAL_HRTIM_Output1SetCallback
 .text.HAL_HRTIM_Output1ResetCallback
                0x08005e9e       0x16 ./Drivers/STM32G4xx_HAL_Driver/Src/stm32g4xx_hal_hrtim.o
                0x08005e9e                HAL_HRTIM_Output1ResetCallback
 .text.HAL_HRTIM_Output2SetCallback
                0x08005eb4       0x16 ./Drivers/STM32G4xx_HAL_Driver/Src/stm32g4xx_hal_hrtim.o
                0x08005eb4                HAL_HRTIM_Output2SetCallback
 .text.HAL_HRTIM_Output2ResetCallback
                0x08005eca       0x16 ./Drivers/STM32G4xx_HAL_Driver/Src/stm32g4xx_hal_hrtim.o
                0x08005eca                HAL_HRTIM_Output2ResetCallback
 .text.HRTIM_MasterBase_Config
                0x08005ee0       0x5e ./Drivers/STM32G4xx_HAL_Driver/Src/stm32g4xx_hal_hrtim.o
 .text.HRTIM_TimingUnitBase_Config
                0x08005f3e       0x80 ./Drivers/STM32G4xx_HAL_Driver/Src/stm32g4xx_hal_hrtim.o
 .text.HRTIM_MasterWaveform_Config
                0x08005fbe      0x13a ./Drivers/STM32G4xx_HAL_Driver/Src/stm32g4xx_hal_hrtim.o
 .text.HRTIM_TimingUnitWaveform_Config
                0x080060f8      0x30c ./Drivers/STM32G4xx_HAL_Driver/Src/stm32g4xx_hal_hrtim.o
 .text.HRTIM_TimingUnitWaveform_Control
                0x08006404       0xc0 ./Drivers/STM32G4xx_HAL_Driver/Src/stm32g4xx_hal_hrtim.o
 .text.HRTIM_OutputConfig
                0x080064c4      0x1d0 ./Drivers/STM32G4xx_HAL_Driver/Src/stm32g4xx_hal_hrtim.o
 .text.HRTIM_ForceRegistersUpdate
                0x08006694       0xdc ./Drivers/STM32G4xx_HAL_Driver/Src/stm32g4xx_hal_hrtim.o
 .text.HRTIM_HRTIM_ISR
                0x08006770      0x120 ./Drivers/STM32G4xx_HAL_Driver/Src/stm32g4xx_hal_hrtim.o
 .text.HRTIM_Master_ISR
                0x08006890      0x18a ./Drivers/STM32G4xx_HAL_Driver/Src/stm32g4xx_hal_hrtim.o
 .text.HRTIM_Timer_ISR
                0x08006a1a      0x2aa ./Drivers/STM32G4xx_HAL_Driver/Src/stm32g4xx_hal_hrtim.o
 .text.HAL_PWREx_ControlVoltageScaling
                0x08006cc4      0x148 ./Drivers/STM32G4xx_HAL_Driver/Src/stm32g4xx_hal_pwr_ex.o
                0x08006cc4                HAL_PWREx_ControlVoltageScaling
 .text.HAL_PWREx_DisableUCPDDeadBattery
                0x08006e0c       0x20 ./Drivers/STM32G4xx_HAL_Driver/Src/stm32g4xx_hal_pwr_ex.o
                0x08006e0c                HAL_PWREx_DisableUCPDDeadBattery
 .text.HAL_RCC_OscConfig
                0x08006e2c      0x624 ./Drivers/STM32G4xx_HAL_Driver/Src/stm32g4xx_hal_rcc.o
                0x08006e2c                HAL_RCC_OscConfig
 .text.HAL_RCC_ClockConfig
                0x08007450      0x278 ./Drivers/STM32G4xx_HAL_Driver/Src/stm32g4xx_hal_rcc.o
                0x08007450                HAL_RCC_ClockConfig
 .text.HAL_RCC_GetSysClockFreq
                0x080076c8       0xc4 ./Drivers/STM32G4xx_HAL_Driver/Src/stm32g4xx_hal_rcc.o
                0x080076c8                HAL_RCC_GetSysClockFreq
 .text.HAL_RCC_GetHCLKFreq
                0x0800778c       0x18 ./Drivers/STM32G4xx_HAL_Driver/Src/stm32g4xx_hal_rcc.o
                0x0800778c                HAL_RCC_GetHCLKFreq
 .text.HAL_RCC_GetPCLK1Freq
                0x080077a4       0x2c ./Drivers/STM32G4xx_HAL_Driver/Src/stm32g4xx_hal_rcc.o
                0x080077a4                HAL_RCC_GetPCLK1Freq
 .text.HAL_RCC_GetPCLK2Freq
                0x080077d0       0x2c ./Drivers/STM32G4xx_HAL_Driver/Src/stm32g4xx_hal_rcc.o
                0x080077d0                HAL_RCC_GetPCLK2Freq
 .text.RCC_GetSysClockFreqFromPLLSource
                0x080077fc       0x8c ./Drivers/STM32G4xx_HAL_Driver/Src/stm32g4xx_hal_rcc.o
 .text.HAL_RCCEx_PeriphCLKConfig
                0x08007888      0x49c ./Drivers/STM32G4xx_HAL_Driver/Src/stm32g4xx_hal_rcc_ex.o
                0x08007888                HAL_RCCEx_PeriphCLKConfig
 .text.HAL_TIM_Base_Init
                0x08007d24       0xae ./Drivers/STM32G4xx_HAL_Driver/Src/stm32g4xx_hal_tim.o
                0x08007d24                HAL_TIM_Base_Init
 .text.HAL_TIM_IRQHandler
                0x08007dd2      0x29e ./Drivers/STM32G4xx_HAL_Driver/Src/stm32g4xx_hal_tim.o
                0x08007dd2                HAL_TIM_IRQHandler
 .text.HAL_TIM_PeriodElapsedCallback
                0x08008070       0x14 ./Drivers/STM32G4xx_HAL_Driver/Src/stm32g4xx_hal_tim.o
                0x08008070                HAL_TIM_PeriodElapsedCallback
 .text.HAL_TIM_OC_DelayElapsedCallback
                0x08008084       0x14 ./Drivers/STM32G4xx_HAL_Driver/Src/stm32g4xx_hal_tim.o
                0x08008084                HAL_TIM_OC_DelayElapsedCallback
 .text.HAL_TIM_IC_CaptureCallback
                0x08008098       0x14 ./Drivers/STM32G4xx_HAL_Driver/Src/stm32g4xx_hal_tim.o
                0x08008098                HAL_TIM_IC_CaptureCallback
 .text.HAL_TIM_PWM_PulseFinishedCallback
                0x080080ac       0x14 ./Drivers/STM32G4xx_HAL_Driver/Src/stm32g4xx_hal_tim.o
                0x080080ac                HAL_TIM_PWM_PulseFinishedCallback
 .text.HAL_TIM_TriggerCallback
                0x080080c0       0x14 ./Drivers/STM32G4xx_HAL_Driver/Src/stm32g4xx_hal_tim.o
                0x080080c0                HAL_TIM_TriggerCallback
 .text.TIM_Base_SetConfig
                0x080080d4      0x168 ./Drivers/STM32G4xx_HAL_Driver/Src/stm32g4xx_hal_tim.o
                0x080080d4                TIM_Base_SetConfig
 .text.HAL_TIMEx_MasterConfigSynchronization
                0x0800823c      0x12c ./Drivers/STM32G4xx_HAL_Driver/Src/stm32g4xx_hal_tim_ex.o
                0x0800823c                HAL_TIMEx_MasterConfigSynchronization
 .text.HAL_TIMEx_CommutCallback
                0x08008368       0x14 ./Drivers/STM32G4xx_HAL_Driver/Src/stm32g4xx_hal_tim_ex.o
                0x08008368                HAL_TIMEx_CommutCallback
 .text.HAL_TIMEx_BreakCallback
                0x0800837c       0x14 ./Drivers/STM32G4xx_HAL_Driver/Src/stm32g4xx_hal_tim_ex.o
                0x0800837c                HAL_TIMEx_BreakCallback
 .text.HAL_TIMEx_Break2Callback
                0x08008390       0x14 ./Drivers/STM32G4xx_HAL_Driver/Src/stm32g4xx_hal_tim_ex.o
                0x08008390                HAL_TIMEx_Break2Callback
 .text.HAL_TIMEx_EncoderIndexCallback
                0x080083a4       0x14 ./Drivers/STM32G4xx_HAL_Driver/Src/stm32g4xx_hal_tim_ex.o
                0x080083a4                HAL_TIMEx_EncoderIndexCallback
 .text.HAL_TIMEx_DirectionChangeCallback
                0x080083b8       0x14 ./Drivers/STM32G4xx_HAL_Driver/Src/stm32g4xx_hal_tim_ex.o
                0x080083b8                HAL_TIMEx_DirectionChangeCallback
 .text.HAL_TIMEx_IndexErrorCallback
                0x080083cc       0x14 ./Drivers/STM32G4xx_HAL_Driver/Src/stm32g4xx_hal_tim_ex.o
                0x080083cc                HAL_TIMEx_IndexErrorCallback
 .text.HAL_TIMEx_TransitionErrorCallback
                0x080083e0       0x14 ./Drivers/STM32G4xx_HAL_Driver/Src/stm32g4xx_hal_tim_ex.o
                0x080083e0                HAL_TIMEx_TransitionErrorCallback
 .text.HAL_UART_Init
                0x080083f4       0xa0 ./Drivers/STM32G4xx_HAL_Driver/Src/stm32g4xx_hal_uart.o
                0x080083f4                HAL_UART_Init
 .text.HAL_UART_IRQHandler
                0x08008494      0x684 ./Drivers/STM32G4xx_HAL_Driver/Src/stm32g4xx_hal_uart.o
                0x08008494                HAL_UART_IRQHandler
 .text.HAL_UART_TxCpltCallback
                0x08008b18       0x14 ./Drivers/STM32G4xx_HAL_Driver/Src/stm32g4xx_hal_uart.o
                0x08008b18                HAL_UART_TxCpltCallback
 .text.HAL_UART_ErrorCallback
                0x08008b2c       0x14 ./Drivers/STM32G4xx_HAL_Driver/Src/stm32g4xx_hal_uart.o
                0x08008b2c                HAL_UART_ErrorCallback
 .text.HAL_UARTEx_RxEventCallback
                0x08008b40       0x18 ./Drivers/STM32G4xx_HAL_Driver/Src/stm32g4xx_hal_uart.o
                0x08008b40                HAL_UARTEx_RxEventCallback
 .text.UART_SetConfig
                0x08008b58      0x5f8 ./Drivers/STM32G4xx_HAL_Driver/Src/stm32g4xx_hal_uart.o
                0x08008b58                UART_SetConfig
 .text.UART_AdvFeatureConfig
                0x08009150      0x144 ./Drivers/STM32G4xx_HAL_Driver/Src/stm32g4xx_hal_uart.o
                0x08009150                UART_AdvFeatureConfig
 .text.UART_CheckIdleState
                0x08009294      0x154 ./Drivers/STM32G4xx_HAL_Driver/Src/stm32g4xx_hal_uart.o
                0x08009294                UART_CheckIdleState
 .text.UART_WaitOnFlagUntilTimeout
                0x080093e8       0xda ./Drivers/STM32G4xx_HAL_Driver/Src/stm32g4xx_hal_uart.o
                0x080093e8                UART_WaitOnFlagUntilTimeout
 .text.UART_EndRxTransfer
                0x080094c2       0xcc ./Drivers/STM32G4xx_HAL_Driver/Src/stm32g4xx_hal_uart.o
 .text.UART_DMAAbortOnError
                0x0800958e       0x24 ./Drivers/STM32G4xx_HAL_Driver/Src/stm32g4xx_hal_uart.o
 .text.UART_EndTransmit_IT
                0x080095b2       0x56 ./Drivers/STM32G4xx_HAL_Driver/Src/stm32g4xx_hal_uart.o
 .text.HAL_UARTEx_WakeupCallback
                0x08009608       0x14 ./Drivers/STM32G4xx_HAL_Driver/Src/stm32g4xx_hal_uart_ex.o
                0x08009608                HAL_UARTEx_WakeupCallback
 .text.HAL_UARTEx_RxFifoFullCallback
                0x0800961c       0x14 ./Drivers/STM32G4xx_HAL_Driver/Src/stm32g4xx_hal_uart_ex.o
                0x0800961c                HAL_UARTEx_RxFifoFullCallback
 .text.HAL_UARTEx_TxFifoEmptyCallback
                0x08009630       0x14 ./Drivers/STM32G4xx_HAL_Driver/Src/stm32g4xx_hal_uart_ex.o
                0x08009630                HAL_UARTEx_TxFifoEmptyCallback
 .text.HAL_UARTEx_DisableFifoMode
                0x08009644       0x72 ./Drivers/STM32G4xx_HAL_Driver/Src/stm32g4xx_hal_uart_ex.o
                0x08009644                HAL_UARTEx_DisableFifoMode
 .text.HAL_UARTEx_SetTxFifoThreshold
                0x080096b6       0x7c ./Drivers/STM32G4xx_HAL_Driver/Src/stm32g4xx_hal_uart_ex.o
                0x080096b6                HAL_UARTEx_SetTxFifoThreshold
 .text.HAL_UARTEx_SetRxFifoThreshold
                0x08009732       0x7c ./Drivers/STM32G4xx_HAL_Driver/Src/stm32g4xx_hal_uart_ex.o
                0x08009732                HAL_UARTEx_SetRxFifoThreshold
 *fill*         0x080097ae        0x2 
 .text.UARTEx_SetNbDataToProcess
                0x080097b0       0x9c ./Drivers/STM32G4xx_HAL_Driver/Src/stm32g4xx_hal_uart_ex.o
 .text.BSP_ADC_Convert_Start
                0x0800984c       0x68 ./User/Src/analog_signal.o
                0x0800984c                BSP_ADC_Convert_Start
 .text.HAL_ADC_ConvHalfCpltCallback
                0x080098b4      0x124 ./User/Src/analog_signal.o
                0x080098b4                HAL_ADC_ConvHalfCpltCallback
 .text.HAL_ADC_ConvCpltCallback
                0x080099d8      0x124 ./User/Src/analog_signal.o
                0x080099d8                HAL_ADC_ConvCpltCallback
 .text.fsbb_pwm_init
                0x08009afc       0x2c ./User/Src/fsbb_pwm.o
                0x08009afc                fsbb_pwm_init
 .text.fsbb_pwm_output_start
                0x08009b28       0x14 ./User/Src/fsbb_pwm.o
                0x08009b28                fsbb_pwm_output_start
 .text.fsbb_pwm_set_cap
                0x08009b3c       0xc0 ./User/Src/fsbb_pwm.o
                0x08009b3c                fsbb_pwm_set_cap
 .text.fsbb_pwm_set_motor
                0x08009bfc       0xc8 ./User/Src/fsbb_pwm.o
                0x08009bfc                fsbb_pwm_set_motor
 .text.fsbb_pwm_set_factor
                0x08009cc4       0x8e ./User/Src/fsbb_pwm.o
                0x08009cc4                fsbb_pwm_set_factor
 .text.memset   0x08009d52       0x10 F:/Program Files (x86)/STM32CubeIDE/STM32CubeIDE_1.17.0/STM32CubeIDE/plugins/com.st.stm32cube.ide.mcu.externaltools.gnu-tools-for-stm32.12.3.rel1.win32_1.1.0.202410251130/tools/bin/../lib/gcc/arm-none-eabi/12.3.1/../../../../arm-none-eabi/lib/thumb/v7e-m+fp/hard\libc_nano.a(libc_a-memset.o)
                0x08009d52                memset
 *fill*         0x08009d62        0x2 
 .text.__libc_init_array
                0x08009d64       0x48 F:/Program Files (x86)/STM32CubeIDE/STM32CubeIDE_1.17.0/STM32CubeIDE/plugins/com.st.stm32cube.ide.mcu.externaltools.gnu-tools-for-stm32.12.3.rel1.win32_1.1.0.202410251130/tools/bin/../lib/gcc/arm-none-eabi/12.3.1/../../../../arm-none-eabi/lib/thumb/v7e-m+fp/hard\libc_nano.a(libc_a-init.o)
                0x08009d64                __libc_init_array
 *(.glue_7)
 .glue_7        0x08009dac        0x0 linker stubs
 *(.glue_7t)
 .glue_7t       0x08009dac        0x0 linker stubs
 *(.eh_frame)
 .eh_frame      0x08009dac        0x0 F:/Program Files (x86)/STM32CubeIDE/STM32CubeIDE_1.17.0/STM32CubeIDE/plugins/com.st.stm32cube.ide.mcu.externaltools.gnu-tools-for-stm32.12.3.rel1.win32_1.1.0.202410251130/tools/bin/../lib/gcc/arm-none-eabi/12.3.1/thumb/v7e-m+fp/hard/crtbegin.o
 *(.init)
 .init          0x08009dac        0x4 F:/Program Files (x86)/STM32CubeIDE/STM32CubeIDE_1.17.0/STM32CubeIDE/plugins/com.st.stm32cube.ide.mcu.externaltools.gnu-tools-for-stm32.12.3.rel1.win32_1.1.0.202410251130/tools/bin/../lib/gcc/arm-none-eabi/12.3.1/thumb/v7e-m+fp/hard/crti.o
                0x08009dac                _init
 .init          0x08009db0        0x8 F:/Program Files (x86)/STM32CubeIDE/STM32CubeIDE_1.17.0/STM32CubeIDE/plugins/com.st.stm32cube.ide.mcu.externaltools.gnu-tools-for-stm32.12.3.rel1.win32_1.1.0.202410251130/tools/bin/../lib/gcc/arm-none-eabi/12.3.1/thumb/v7e-m+fp/hard/crtn.o
 *(.fini)
 .fini          0x08009db8        0x4 F:/Program Files (x86)/STM32CubeIDE/STM32CubeIDE_1.17.0/STM32CubeIDE/plugins/com.st.stm32cube.ide.mcu.externaltools.gnu-tools-for-stm32.12.3.rel1.win32_1.1.0.202410251130/tools/bin/../lib/gcc/arm-none-eabi/12.3.1/thumb/v7e-m+fp/hard/crti.o
                0x08009db8                _fini
 .fini          0x08009dbc        0x8 F:/Program Files (x86)/STM32CubeIDE/STM32CubeIDE_1.17.0/STM32CubeIDE/plugins/com.st.stm32cube.ide.mcu.externaltools.gnu-tools-for-stm32.12.3.rel1.win32_1.1.0.202410251130/tools/bin/../lib/gcc/arm-none-eabi/12.3.1/thumb/v7e-m+fp/hard/crtn.o
                0x08009dc4                        . = ALIGN (0x4)
                0x08009dc4                        _etext = .

.vfp11_veneer   0x08009dc4        0x0
 .vfp11_veneer  0x08009dc4        0x0 linker stubs

.v4_bx          0x08009dc4        0x0
 .v4_bx         0x08009dc4        0x0 linker stubs

.iplt           0x08009dc4        0x0
 .iplt          0x08009dc4        0x0 F:/Program Files (x86)/STM32CubeIDE/STM32CubeIDE_1.17.0/STM32CubeIDE/plugins/com.st.stm32cube.ide.mcu.externaltools.gnu-tools-for-stm32.12.3.rel1.win32_1.1.0.202410251130/tools/bin/../lib/gcc/arm-none-eabi/12.3.1/thumb/v7e-m+fp/hard/crtbegin.o

.rodata         0x08009dc4       0x40
                0x08009dc4                        . = ALIGN (0x4)
 *(.rodata)
 *(.rodata*)
 .rodata.AHBPrescTable
                0x08009dc4       0x10 ./Core/Src/system_stm32g4xx.o
                0x08009dc4                AHBPrescTable
 .rodata.APBPrescTable
                0x08009dd4        0x8 ./Core/Src/system_stm32g4xx.o
                0x08009dd4                APBPrescTable
 .rodata.UARTPrescTable
                0x08009ddc       0x18 ./Drivers/STM32G4xx_HAL_Driver/Src/stm32g4xx_hal_uart.o
                0x08009ddc                UARTPrescTable
 .rodata.numerator.1
                0x08009df4        0x8 ./Drivers/STM32G4xx_HAL_Driver/Src/stm32g4xx_hal_uart_ex.o
 .rodata.denominator.0
                0x08009dfc        0x8 ./Drivers/STM32G4xx_HAL_Driver/Src/stm32g4xx_hal_uart_ex.o
                0x08009e04                        . = ALIGN (0x4)

.ARM.extab      0x08009e04        0x0
                0x08009e04                        . = ALIGN (0x4)
 *(.ARM.extab* .gnu.linkonce.armextab.*)
                0x08009e04                        . = ALIGN (0x4)

.ARM            0x08009e04        0x8
                0x08009e04                        . = ALIGN (0x4)
                0x08009e04                        __exidx_start = .
 *(.ARM.exidx*)
 .ARM.exidx     0x08009e04        0x8 F:/Program Files (x86)/STM32CubeIDE/STM32CubeIDE_1.17.0/STM32CubeIDE/plugins/com.st.stm32cube.ide.mcu.externaltools.gnu-tools-for-stm32.12.3.rel1.win32_1.1.0.202410251130/tools/bin/../lib/gcc/arm-none-eabi/12.3.1/thumb/v7e-m+fp/hard\libgcc.a(_udivmoddi4.o)
                0x08009e0c                        __exidx_end = .
                0x08009e0c                        . = ALIGN (0x4)

.preinit_array  0x08009e0c        0x0
                0x08009e0c                        . = ALIGN (0x4)
                0x08009e0c                        PROVIDE (__preinit_array_start = .)
 *(.preinit_array*)
                0x08009e0c                        PROVIDE (__preinit_array_end = .)
                0x08009e0c                        . = ALIGN (0x4)

.init_array     0x08009e0c        0x4
                0x08009e0c                        . = ALIGN (0x4)
                0x08009e0c                        PROVIDE (__init_array_start = .)
 *(SORT_BY_NAME(.init_array.*))
 *(.init_array*)
 .init_array    0x08009e0c        0x4 F:/Program Files (x86)/STM32CubeIDE/STM32CubeIDE_1.17.0/STM32CubeIDE/plugins/com.st.stm32cube.ide.mcu.externaltools.gnu-tools-for-stm32.12.3.rel1.win32_1.1.0.202410251130/tools/bin/../lib/gcc/arm-none-eabi/12.3.1/thumb/v7e-m+fp/hard/crtbegin.o
                0x08009e10                        PROVIDE (__init_array_end = .)
                0x08009e10                        . = ALIGN (0x4)

.fini_array     0x08009e10        0x4
                0x08009e10                        . = ALIGN (0x4)
                [!provide]                        PROVIDE (__fini_array_start = .)
 *(SORT_BY_NAME(.fini_array.*))
 *(.fini_array*)
 .fini_array    0x08009e10        0x4 F:/Program Files (x86)/STM32CubeIDE/STM32CubeIDE_1.17.0/STM32CubeIDE/plugins/com.st.stm32cube.ide.mcu.externaltools.gnu-tools-for-stm32.12.3.rel1.win32_1.1.0.202410251130/tools/bin/../lib/gcc/arm-none-eabi/12.3.1/thumb/v7e-m+fp/hard/crtbegin.o
                [!provide]                        PROVIDE (__fini_array_end = .)
                0x08009e14                        . = ALIGN (0x4)
                0x08009e14                        _sidata = LOADADDR (.data)

.rel.dyn        0x08009e14        0x0
 .rel.iplt      0x08009e14        0x0 F:/Program Files (x86)/STM32CubeIDE/STM32CubeIDE_1.17.0/STM32CubeIDE/plugins/com.st.stm32cube.ide.mcu.externaltools.gnu-tools-for-stm32.12.3.rel1.win32_1.1.0.202410251130/tools/bin/../lib/gcc/arm-none-eabi/12.3.1/thumb/v7e-m+fp/hard/crtbegin.o

.data           0x20000000        0xc load address 0x08009e14
                0x20000000                        . = ALIGN (0x4)
                0x20000000                        _sdata = .
 *(.data)
 *(.data*)
 .data.SystemCoreClock
                0x20000000        0x4 ./Core/Src/system_stm32g4xx.o
                0x20000000                SystemCoreClock
 .data.uwTickPrio
                0x20000004        0x4 ./Drivers/STM32G4xx_HAL_Driver/Src/stm32g4xx_hal.o
                0x20000004                uwTickPrio
 .data.uwTickFreq
                0x20000008        0x4 ./Drivers/STM32G4xx_HAL_Driver/Src/stm32g4xx_hal.o
                0x20000008                uwTickFreq
 *(.RamFunc)
 *(.RamFunc*)
                0x2000000c                        . = ALIGN (0x4)
                0x2000000c                        _edata = .

.igot.plt       0x2000000c        0x0 load address 0x08009e20
 .igot.plt      0x2000000c        0x0 F:/Program Files (x86)/STM32CubeIDE/STM32CubeIDE_1.17.0/STM32CubeIDE/plugins/com.st.stm32cube.ide.mcu.externaltools.gnu-tools-for-stm32.12.3.rel1.win32_1.1.0.202410251130/tools/bin/../lib/gcc/arm-none-eabi/12.3.1/thumb/v7e-m+fp/hard/crtbegin.o
                0x2000000c                        . = ALIGN (0x4)

.bss            0x2000000c      0x588 load address 0x08009e20
                0x2000000c                        _sbss = .
                0x2000000c                        __bss_start__ = _sbss
 *(.bss)
 .bss           0x2000000c       0x1c F:/Program Files (x86)/STM32CubeIDE/STM32CubeIDE_1.17.0/STM32CubeIDE/plugins/com.st.stm32cube.ide.mcu.externaltools.gnu-tools-for-stm32.12.3.rel1.win32_1.1.0.202410251130/tools/bin/../lib/gcc/arm-none-eabi/12.3.1/thumb/v7e-m+fp/hard/crtbegin.o
 *(.bss*)
 .bss.hadc1     0x20000028       0x6c ./Core/Src/adc.o
                0x20000028                hadc1
 .bss.hadc2     0x20000094       0x6c ./Core/Src/adc.o
                0x20000094                hadc2
 .bss.hadc3     0x20000100       0x6c ./Core/Src/adc.o
                0x20000100                hadc3
 .bss.hdma_adc1
                0x2000016c       0x60 ./Core/Src/adc.o
                0x2000016c                hdma_adc1
 .bss.hdma_adc2
                0x200001cc       0x60 ./Core/Src/adc.o
                0x200001cc                hdma_adc2
 .bss.hdma_adc3
                0x2000022c       0x60 ./Core/Src/adc.o
                0x2000022c                hdma_adc3
 .bss.HAL_RCC_ADC12_CLK_ENABLED
                0x2000028c        0x4 ./Core/Src/adc.o
 .bss.hfdcan1   0x20000290       0x64 ./Core/Src/fdcan.o
                0x20000290                hfdcan1
 .bss.hfmac     0x200002f4       0x38 ./Core/Src/fmac.o
                0x200002f4                hfmac
 .bss.hhrtim1   0x2000032c       0xfc ./Core/Src/hrtim.o
                0x2000032c                hhrtim1
 .bss.htim6     0x20000428       0x4c ./Core/Src/tim.o
                0x20000428                htim6
 .bss.hlpuart1  0x20000474       0x94 ./Core/Src/usart.o
                0x20000474                hlpuart1
 .bss.hdma_lpuart1_rx
                0x20000508       0x60 ./Core/Src/usart.o
                0x20000508                hdma_lpuart1_rx
 .bss.uwTick    0x20000568        0x4 ./Drivers/STM32G4xx_HAL_Driver/Src/stm32g4xx_hal.o
                0x20000568                uwTick
 .bss.adc1_data
                0x2000056c        0x8 ./User/Src/analog_signal.o
                0x2000056c                adc1_data
 .bss.adc2_data
                0x20000574        0x8 ./User/Src/analog_signal.o
                0x20000574                adc2_data
 .bss.adc3_data
                0x2000057c        0x4 ./User/Src/analog_signal.o
                0x2000057c                adc3_data
 .bss.adc_v_cap
                0x20000580        0x4 ./User/Src/analog_signal.o
                0x20000580                adc_v_cap
 .bss.adc_v_motor
                0x20000584        0x4 ./User/Src/analog_signal.o
                0x20000584                adc_v_motor
 .bss.adc_i_cap
                0x20000588        0x4 ./User/Src/analog_signal.o
                0x20000588                adc_i_cap
 .bss.adc_i_motor
                0x2000058c        0x4 ./User/Src/analog_signal.o
                0x2000058c                adc_i_motor
 .bss.adc_i_chassis
                0x20000590        0x4 ./User/Src/analog_signal.o
                0x20000590                adc_i_chassis
 *(COMMON)
                0x20000594                        . = ALIGN (0x4)
                0x20000594                        _ebss = .
                0x20000594                        __bss_end__ = _ebss

._user_heap_stack
                0x20000594     0x6004 load address 0x08009e20
                0x20000598                        . = ALIGN (0x8)
 *fill*         0x20000594        0x4 
                [!provide]                        PROVIDE (end = .)
                0x20000598                        PROVIDE (_end = .)
                0x20002598                        . = (. + _Min_Heap_Size)
 *fill*         0x20000598     0x2000 
                0x20006598                        . = (. + _Min_Stack_Size)
 *fill*         0x20002598     0x4000 
                0x20006598                        . = ALIGN (0x8)

/DISCARD/
 libc.a(*)
 libm.a(*)
 libgcc.a(*)

.ARM.attributes
                0x00000000       0x30
 *(.ARM.attributes)
 .ARM.attributes
                0x00000000       0x22 F:/Program Files (x86)/STM32CubeIDE/STM32CubeIDE_1.17.0/STM32CubeIDE/plugins/com.st.stm32cube.ide.mcu.externaltools.gnu-tools-for-stm32.12.3.rel1.win32_1.1.0.202410251130/tools/bin/../lib/gcc/arm-none-eabi/12.3.1/thumb/v7e-m+fp/hard/crti.o
 .ARM.attributes
                0x00000022       0x34 F:/Program Files (x86)/STM32CubeIDE/STM32CubeIDE_1.17.0/STM32CubeIDE/plugins/com.st.stm32cube.ide.mcu.externaltools.gnu-tools-for-stm32.12.3.rel1.win32_1.1.0.202410251130/tools/bin/../lib/gcc/arm-none-eabi/12.3.1/thumb/v7e-m+fp/hard/crtbegin.o
 .ARM.attributes
                0x00000056       0x34 ./Core/Src/adc.o
 .ARM.attributes
                0x0000008a       0x34 ./Core/Src/dma.o
 .ARM.attributes
                0x000000be       0x34 ./Core/Src/fdcan.o
 .ARM.attributes
                0x000000f2       0x34 ./Core/Src/fmac.o
 .ARM.attributes
                0x00000126       0x34 ./Core/Src/gpio.o
 .ARM.attributes
                0x0000015a       0x34 ./Core/Src/hrtim.o
 .ARM.attributes
                0x0000018e       0x34 ./Core/Src/main.o
 .ARM.attributes
                0x000001c2       0x34 ./Core/Src/stm32g4xx_hal_msp.o
 .ARM.attributes
                0x000001f6       0x34 ./Core/Src/stm32g4xx_it.o
 .ARM.attributes
                0x0000022a       0x34 ./Core/Src/system_stm32g4xx.o
 .ARM.attributes
                0x0000025e       0x34 ./Core/Src/tim.o
 .ARM.attributes
                0x00000292       0x34 ./Core/Src/usart.o
 .ARM.attributes
                0x000002c6       0x21 ./Core/Startup/startup_stm32g474cbtx.o
 .ARM.attributes
                0x000002e7       0x34 ./Drivers/STM32G4xx_HAL_Driver/Src/stm32g4xx_hal.o
 .ARM.attributes
                0x0000031b       0x34 ./Drivers/STM32G4xx_HAL_Driver/Src/stm32g4xx_hal_adc.o
 .ARM.attributes
                0x0000034f       0x34 ./Drivers/STM32G4xx_HAL_Driver/Src/stm32g4xx_hal_adc_ex.o
 .ARM.attributes
                0x00000383       0x34 ./Drivers/STM32G4xx_HAL_Driver/Src/stm32g4xx_hal_cortex.o
 .ARM.attributes
                0x000003b7       0x34 ./Drivers/STM32G4xx_HAL_Driver/Src/stm32g4xx_hal_dma.o
 .ARM.attributes
                0x000003eb       0x34 ./Drivers/STM32G4xx_HAL_Driver/Src/stm32g4xx_hal_fdcan.o
 .ARM.attributes
                0x0000041f       0x34 ./Drivers/STM32G4xx_HAL_Driver/Src/stm32g4xx_hal_fmac.o
 .ARM.attributes
                0x00000453       0x34 ./Drivers/STM32G4xx_HAL_Driver/Src/stm32g4xx_hal_gpio.o
 .ARM.attributes
                0x00000487       0x34 ./Drivers/STM32G4xx_HAL_Driver/Src/stm32g4xx_hal_hrtim.o
 .ARM.attributes
                0x000004bb       0x34 ./Drivers/STM32G4xx_HAL_Driver/Src/stm32g4xx_hal_pwr_ex.o
 .ARM.attributes
                0x000004ef       0x34 ./Drivers/STM32G4xx_HAL_Driver/Src/stm32g4xx_hal_rcc.o
 .ARM.attributes
                0x00000523       0x34 ./Drivers/STM32G4xx_HAL_Driver/Src/stm32g4xx_hal_rcc_ex.o
 .ARM.attributes
                0x00000557       0x34 ./Drivers/STM32G4xx_HAL_Driver/Src/stm32g4xx_hal_tim.o
 .ARM.attributes
                0x0000058b       0x34 ./Drivers/STM32G4xx_HAL_Driver/Src/stm32g4xx_hal_tim_ex.o
 .ARM.attributes
                0x000005bf       0x34 ./Drivers/STM32G4xx_HAL_Driver/Src/stm32g4xx_hal_uart.o
 .ARM.attributes
                0x000005f3       0x34 ./Drivers/STM32G4xx_HAL_Driver/Src/stm32g4xx_hal_uart_ex.o
 .ARM.attributes
                0x00000627       0x34 ./User/Src/analog_signal.o
 .ARM.attributes
                0x0000065b       0x34 ./User/Src/fsbb_pwm.o
 .ARM.attributes
                0x0000068f       0x34 F:/Program Files (x86)/STM32CubeIDE/STM32CubeIDE_1.17.0/STM32CubeIDE/plugins/com.st.stm32cube.ide.mcu.externaltools.gnu-tools-for-stm32.12.3.rel1.win32_1.1.0.202410251130/tools/bin/../lib/gcc/arm-none-eabi/12.3.1/../../../../arm-none-eabi/lib/thumb/v7e-m+fp/hard\libc_nano.a(libc_a-memset.o)
 .ARM.attributes
                0x000006c3       0x34 F:/Program Files (x86)/STM32CubeIDE/STM32CubeIDE_1.17.0/STM32CubeIDE/plugins/com.st.stm32cube.ide.mcu.externaltools.gnu-tools-for-stm32.12.3.rel1.win32_1.1.0.202410251130/tools/bin/../lib/gcc/arm-none-eabi/12.3.1/../../../../arm-none-eabi/lib/thumb/v7e-m+fp/hard\libc_nano.a(libc_a-init.o)
 .ARM.attributes
                0x000006f7       0x22 F:/Program Files (x86)/STM32CubeIDE/STM32CubeIDE_1.17.0/STM32CubeIDE/plugins/com.st.stm32cube.ide.mcu.externaltools.gnu-tools-for-stm32.12.3.rel1.win32_1.1.0.202410251130/tools/bin/../lib/gcc/arm-none-eabi/12.3.1/thumb/v7e-m+fp/hard\libgcc.a(_aeabi_uldivmod.o)
 .ARM.attributes
                0x00000719       0x34 F:/Program Files (x86)/STM32CubeIDE/STM32CubeIDE_1.17.0/STM32CubeIDE/plugins/com.st.stm32cube.ide.mcu.externaltools.gnu-tools-for-stm32.12.3.rel1.win32_1.1.0.202410251130/tools/bin/../lib/gcc/arm-none-eabi/12.3.1/thumb/v7e-m+fp/hard\libgcc.a(_udivmoddi4.o)
 .ARM.attributes
                0x0000074d       0x22 F:/Program Files (x86)/STM32CubeIDE/STM32CubeIDE_1.17.0/STM32CubeIDE/plugins/com.st.stm32cube.ide.mcu.externaltools.gnu-tools-for-stm32.12.3.rel1.win32_1.1.0.202410251130/tools/bin/../lib/gcc/arm-none-eabi/12.3.1/thumb/v7e-m+fp/hard\libgcc.a(_dvmd_tls.o)
 .ARM.attributes
                0x0000076f       0x22 F:/Program Files (x86)/STM32CubeIDE/STM32CubeIDE_1.17.0/STM32CubeIDE/plugins/com.st.stm32cube.ide.mcu.externaltools.gnu-tools-for-stm32.12.3.rel1.win32_1.1.0.202410251130/tools/bin/../lib/gcc/arm-none-eabi/12.3.1/thumb/v7e-m+fp/hard/crtn.o
OUTPUT(fsbb.elf elf32-littlearm)
LOAD linker stubs
LOAD F:/Program Files (x86)/STM32CubeIDE/STM32CubeIDE_1.17.0/STM32CubeIDE/plugins/com.st.stm32cube.ide.mcu.externaltools.gnu-tools-for-stm32.12.3.rel1.win32_1.1.0.202410251130/tools/bin/../lib/gcc/arm-none-eabi/12.3.1/../../../../arm-none-eabi/lib/thumb/v7e-m+fp/hard\libc.a
LOAD F:/Program Files (x86)/STM32CubeIDE/STM32CubeIDE_1.17.0/STM32CubeIDE/plugins/com.st.stm32cube.ide.mcu.externaltools.gnu-tools-for-stm32.12.3.rel1.win32_1.1.0.202410251130/tools/bin/../lib/gcc/arm-none-eabi/12.3.1/../../../../arm-none-eabi/lib/thumb/v7e-m+fp/hard\libm.a
LOAD F:/Program Files (x86)/STM32CubeIDE/STM32CubeIDE_1.17.0/STM32CubeIDE/plugins/com.st.stm32cube.ide.mcu.externaltools.gnu-tools-for-stm32.12.3.rel1.win32_1.1.0.202410251130/tools/bin/../lib/gcc/arm-none-eabi/12.3.1/thumb/v7e-m+fp/hard\libgcc.a

.debug_info     0x00000000    0x24030
 .debug_info    0x00000000     0x13cc ./Core/Src/adc.o
 .debug_info    0x000013cc      0x5ac ./Core/Src/dma.o
 .debug_info    0x00001978      0xe58 ./Core/Src/fdcan.o
 .debug_info    0x000027d0      0x8d6 ./Core/Src/fmac.o
 .debug_info    0x000030a6      0x47f ./Core/Src/gpio.o
 .debug_info    0x00003525     0x1819 ./Core/Src/hrtim.o
 .debug_info    0x00004d3e      0x426 ./Core/Src/main.o
 .debug_info    0x00005164      0x2da ./Core/Src/stm32g4xx_hal_msp.o
 .debug_info    0x0000543e     0x1d33 ./Core/Src/stm32g4xx_it.o
 .debug_info    0x00007171      0x58e ./Core/Src/system_stm32g4xx.o
 .debug_info    0x000076ff      0xe2c ./Core/Src/tim.o
 .debug_info    0x0000852b     0x10d8 ./Core/Src/usart.o
 .debug_info    0x00009603       0x30 ./Core/Startup/startup_stm32g474cbtx.o
 .debug_info    0x00009633      0xb95 ./Drivers/STM32G4xx_HAL_Driver/Src/stm32g4xx_hal.o
 .debug_info    0x0000a1c8     0x2063 ./Drivers/STM32G4xx_HAL_Driver/Src/stm32g4xx_hal_adc.o
 .debug_info    0x0000c22b     0x1d80 ./Drivers/STM32G4xx_HAL_Driver/Src/stm32g4xx_hal_adc_ex.o
 .debug_info    0x0000dfab      0xdf9 ./Drivers/STM32G4xx_HAL_Driver/Src/stm32g4xx_hal_cortex.o
 .debug_info    0x0000eda4      0x85f ./Drivers/STM32G4xx_HAL_Driver/Src/stm32g4xx_hal_dma.o
 .debug_info    0x0000f603     0x18bb ./Drivers/STM32G4xx_HAL_Driver/Src/stm32g4xx_hal_fdcan.o
 .debug_info    0x00010ebe     0x11b7 ./Drivers/STM32G4xx_HAL_Driver/Src/stm32g4xx_hal_fmac.o
 .debug_info    0x00012075      0x763 ./Drivers/STM32G4xx_HAL_Driver/Src/stm32g4xx_hal_gpio.o
 .debug_info    0x000127d8     0x3f23 ./Drivers/STM32G4xx_HAL_Driver/Src/stm32g4xx_hal_hrtim.o
 .debug_info    0x000166fb      0x93f ./Drivers/STM32G4xx_HAL_Driver/Src/stm32g4xx_hal_pwr_ex.o
 .debug_info    0x0001703a      0xbe0 ./Drivers/STM32G4xx_HAL_Driver/Src/stm32g4xx_hal_rcc.o
 .debug_info    0x00017c1a      0xc45 ./Drivers/STM32G4xx_HAL_Driver/Src/stm32g4xx_hal_rcc_ex.o
 .debug_info    0x0001885f     0x2c52 ./Drivers/STM32G4xx_HAL_Driver/Src/stm32g4xx_hal_tim.o
 .debug_info    0x0001b4b1     0x1d95 ./Drivers/STM32G4xx_HAL_Driver/Src/stm32g4xx_hal_tim_ex.o
 .debug_info    0x0001d246     0x481e ./Drivers/STM32G4xx_HAL_Driver/Src/stm32g4xx_hal_uart.o
 .debug_info    0x00021a64      0xfdd ./Drivers/STM32G4xx_HAL_Driver/Src/stm32g4xx_hal_uart_ex.o
 .debug_info    0x00022a41      0x9d8 ./User/Src/analog_signal.o
 .debug_info    0x00023419      0xc17 ./User/Src/fsbb_pwm.o

.debug_abbrev   0x00000000     0x406c
 .debug_abbrev  0x00000000      0x23f ./Core/Src/adc.o
 .debug_abbrev  0x0000023f      0x109 ./Core/Src/dma.o
 .debug_abbrev  0x00000348      0x1d2 ./Core/Src/fdcan.o
 .debug_abbrev  0x0000051a      0x1a7 ./Core/Src/fmac.o
 .debug_abbrev  0x000006c1      0x152 ./Core/Src/gpio.o
 .debug_abbrev  0x00000813      0x245 ./Core/Src/hrtim.o
 .debug_abbrev  0x00000a58      0x1ea ./Core/Src/main.o
 .debug_abbrev  0x00000c42       0xd9 ./Core/Src/stm32g4xx_hal_msp.o
 .debug_abbrev  0x00000d1b      0x1fb ./Core/Src/stm32g4xx_it.o
 .debug_abbrev  0x00000f16      0x11a ./Core/Src/system_stm32g4xx.o
 .debug_abbrev  0x00001030      0x226 ./Core/Src/tim.o
 .debug_abbrev  0x00001256      0x226 ./Core/Src/usart.o
 .debug_abbrev  0x0000147c       0x24 ./Core/Startup/startup_stm32g474cbtx.o
 .debug_abbrev  0x000014a0      0x271 ./Drivers/STM32G4xx_HAL_Driver/Src/stm32g4xx_hal.o
 .debug_abbrev  0x00001711      0x2d3 ./Drivers/STM32G4xx_HAL_Driver/Src/stm32g4xx_hal_adc.o
 .debug_abbrev  0x000019e4      0x2ee ./Drivers/STM32G4xx_HAL_Driver/Src/stm32g4xx_hal_adc_ex.o
 .debug_abbrev  0x00001cd2      0x31c ./Drivers/STM32G4xx_HAL_Driver/Src/stm32g4xx_hal_cortex.o
 .debug_abbrev  0x00001fee      0x1e2 ./Drivers/STM32G4xx_HAL_Driver/Src/stm32g4xx_hal_dma.o
 .debug_abbrev  0x000021d0      0x1e7 ./Drivers/STM32G4xx_HAL_Driver/Src/stm32g4xx_hal_fdcan.o
 .debug_abbrev  0x000023b7      0x248 ./Drivers/STM32G4xx_HAL_Driver/Src/stm32g4xx_hal_fmac.o
 .debug_abbrev  0x000025ff      0x1cb ./Drivers/STM32G4xx_HAL_Driver/Src/stm32g4xx_hal_gpio.o
 .debug_abbrev  0x000027ca      0x285 ./Drivers/STM32G4xx_HAL_Driver/Src/stm32g4xx_hal_hrtim.o
 .debug_abbrev  0x00002a4f      0x22c ./Drivers/STM32G4xx_HAL_Driver/Src/stm32g4xx_hal_pwr_ex.o
 .debug_abbrev  0x00002c7b      0x2c9 ./Drivers/STM32G4xx_HAL_Driver/Src/stm32g4xx_hal_rcc.o
 .debug_abbrev  0x00002f44      0x258 ./Drivers/STM32G4xx_HAL_Driver/Src/stm32g4xx_hal_rcc_ex.o
 .debug_abbrev  0x0000319c      0x2a7 ./Drivers/STM32G4xx_HAL_Driver/Src/stm32g4xx_hal_tim.o
 .debug_abbrev  0x00003443      0x2c5 ./Drivers/STM32G4xx_HAL_Driver/Src/stm32g4xx_hal_tim_ex.o
 .debug_abbrev  0x00003708      0x304 ./Drivers/STM32G4xx_HAL_Driver/Src/stm32g4xx_hal_uart.o
 .debug_abbrev  0x00003a0c      0x2d2 ./Drivers/STM32G4xx_HAL_Driver/Src/stm32g4xx_hal_uart_ex.o
 .debug_abbrev  0x00003cde      0x1b9 ./User/Src/analog_signal.o
 .debug_abbrev  0x00003e97      0x1d5 ./User/Src/fsbb_pwm.o

.debug_aranges  0x00000000     0x1e50
 .debug_aranges
                0x00000000       0x40 ./Core/Src/adc.o
 .debug_aranges
                0x00000040       0x20 ./Core/Src/dma.o
 .debug_aranges
                0x00000060       0x30 ./Core/Src/fdcan.o
 .debug_aranges
                0x00000090       0x30 ./Core/Src/fmac.o
 .debug_aranges
                0x000000c0       0x20 ./Core/Src/gpio.o
 .debug_aranges
                0x000000e0       0x38 ./Core/Src/hrtim.o
 .debug_aranges
                0x00000118       0x30 ./Core/Src/main.o
 .debug_aranges
                0x00000148       0x20 ./Core/Src/stm32g4xx_hal_msp.o
 .debug_aranges
                0x00000168       0xb8 ./Core/Src/stm32g4xx_it.o
 .debug_aranges
                0x00000220       0x28 ./Core/Src/system_stm32g4xx.o
 .debug_aranges
                0x00000248       0x30 ./Core/Src/tim.o
 .debug_aranges
                0x00000278       0x30 ./Core/Src/usart.o
 .debug_aranges
                0x000002a8       0x28 ./Core/Startup/startup_stm32g474cbtx.o
 .debug_aranges
                0x000002d0      0x148 ./Drivers/STM32G4xx_HAL_Driver/Src/stm32g4xx_hal.o
 .debug_aranges
                0x00000418      0x248 ./Drivers/STM32G4xx_HAL_Driver/Src/stm32g4xx_hal_adc.o
 .debug_aranges
                0x00000660      0x1c0 ./Drivers/STM32G4xx_HAL_Driver/Src/stm32g4xx_hal_adc_ex.o
 .debug_aranges
                0x00000820      0x128 ./Drivers/STM32G4xx_HAL_Driver/Src/stm32g4xx_hal_cortex.o
 .debug_aranges
                0x00000948       0x90 ./Drivers/STM32G4xx_HAL_Driver/Src/stm32g4xx_hal_dma.o
 .debug_aranges
                0x000009d8      0x208 ./Drivers/STM32G4xx_HAL_Driver/Src/stm32g4xx_hal_fdcan.o
 .debug_aranges
                0x00000be0      0x168 ./Drivers/STM32G4xx_HAL_Driver/Src/stm32g4xx_hal_fmac.o
 .debug_aranges
                0x00000d48       0x58 ./Drivers/STM32G4xx_HAL_Driver/Src/stm32g4xx_hal_gpio.o
 .debug_aranges
                0x00000da0      0x4a0 ./Drivers/STM32G4xx_HAL_Driver/Src/stm32g4xx_hal_hrtim.o
 .debug_aranges
                0x00001240      0x140 ./Drivers/STM32G4xx_HAL_Driver/Src/stm32g4xx_hal_pwr_ex.o
 .debug_aranges
                0x00001380       0x98 ./Drivers/STM32G4xx_HAL_Driver/Src/stm32g4xx_hal_rcc.o
 .debug_aranges
                0x00001418       0xb0 ./Drivers/STM32G4xx_HAL_Driver/Src/stm32g4xx_hal_rcc_ex.o
 .debug_aranges
                0x000014c8      0x3e0 ./Drivers/STM32G4xx_HAL_Driver/Src/stm32g4xx_hal_tim.o
 .debug_aranges
                0x000018a8      0x240 ./Drivers/STM32G4xx_HAL_Driver/Src/stm32g4xx_hal_tim_ex.o
 .debug_aranges
                0x00001ae8      0x248 ./Drivers/STM32G4xx_HAL_Driver/Src/stm32g4xx_hal_uart.o
 .debug_aranges
                0x00001d30       0xa8 ./Drivers/STM32G4xx_HAL_Driver/Src/stm32g4xx_hal_uart_ex.o
 .debug_aranges
                0x00001dd8       0x30 ./User/Src/analog_signal.o
 .debug_aranges
                0x00001e08       0x48 ./User/Src/fsbb_pwm.o

.debug_rnglists
                0x00000000     0x1795
 .debug_rnglists
                0x00000000       0x30 ./Core/Src/adc.o
 .debug_rnglists
                0x00000030       0x14 ./Core/Src/dma.o
 .debug_rnglists
                0x00000044       0x21 ./Core/Src/fdcan.o
 .debug_rnglists
                0x00000065       0x1f ./Core/Src/fmac.o
 .debug_rnglists
                0x00000084       0x14 ./Core/Src/gpio.o
 .debug_rnglists
                0x00000098       0x27 ./Core/Src/hrtim.o
 .debug_rnglists
                0x000000bf       0x20 ./Core/Src/main.o
 .debug_rnglists
                0x000000df       0x13 ./Core/Src/stm32g4xx_hal_msp.o
 .debug_rnglists
                0x000000f2       0x85 ./Core/Src/stm32g4xx_it.o
 .debug_rnglists
                0x00000177       0x1a ./Core/Src/system_stm32g4xx.o
 .debug_rnglists
                0x00000191       0x1f ./Core/Src/tim.o
 .debug_rnglists
                0x000001b0       0x21 ./Core/Src/usart.o
 .debug_rnglists
                0x000001d1       0x19 ./Core/Startup/startup_stm32g474cbtx.o
 .debug_rnglists
                0x000001ea       0xf1 ./Drivers/STM32G4xx_HAL_Driver/Src/stm32g4xx_hal.o
 .debug_rnglists
                0x000002db      0x1c0 ./Drivers/STM32G4xx_HAL_Driver/Src/stm32g4xx_hal_adc.o
 .debug_rnglists
                0x0000049b      0x15a ./Drivers/STM32G4xx_HAL_Driver/Src/stm32g4xx_hal_adc_ex.o
 .debug_rnglists
                0x000005f5       0xda ./Drivers/STM32G4xx_HAL_Driver/Src/stm32g4xx_hal_cortex.o
 .debug_rnglists
                0x000006cf       0x71 ./Drivers/STM32G4xx_HAL_Driver/Src/stm32g4xx_hal_dma.o
 .debug_rnglists
                0x00000740      0x18d ./Drivers/STM32G4xx_HAL_Driver/Src/stm32g4xx_hal_fdcan.o
 .debug_rnglists
                0x000008cd      0x118 ./Drivers/STM32G4xx_HAL_Driver/Src/stm32g4xx_hal_fmac.o
 .debug_rnglists
                0x000009e5       0x3f ./Drivers/STM32G4xx_HAL_Driver/Src/stm32g4xx_hal_gpio.o
 .debug_rnglists
                0x00000a24      0x3c3 ./Drivers/STM32G4xx_HAL_Driver/Src/stm32g4xx_hal_hrtim.o
 .debug_rnglists
                0x00000de7       0xf1 ./Drivers/STM32G4xx_HAL_Driver/Src/stm32g4xx_hal_pwr_ex.o
 .debug_rnglists
                0x00000ed8       0x74 ./Drivers/STM32G4xx_HAL_Driver/Src/stm32g4xx_hal_rcc.o
 .debug_rnglists
                0x00000f4c       0x87 ./Drivers/STM32G4xx_HAL_Driver/Src/stm32g4xx_hal_rcc_ex.o
 .debug_rnglists
                0x00000fd3      0x328 ./Drivers/STM32G4xx_HAL_Driver/Src/stm32g4xx_hal_tim.o
 .debug_rnglists
                0x000012fb      0x1cc ./Drivers/STM32G4xx_HAL_Driver/Src/stm32g4xx_hal_tim_ex.o
 .debug_rnglists
                0x000014c7      0x1fa ./Drivers/STM32G4xx_HAL_Driver/Src/stm32g4xx_hal_uart.o
 .debug_rnglists
                0x000016c1       0x7f ./Drivers/STM32G4xx_HAL_Driver/Src/stm32g4xx_hal_uart_ex.o
 .debug_rnglists
                0x00001740       0x21 ./User/Src/analog_signal.o
 .debug_rnglists
                0x00001761       0x34 ./User/Src/fsbb_pwm.o

.debug_macro    0x00000000    0x2c4a3
 .debug_macro   0x00000000      0x228 ./Core/Src/adc.o
 .debug_macro   0x00000228      0xab4 ./Core/Src/adc.o
 .debug_macro   0x00000cdc      0x173 ./Core/Src/adc.o
 .debug_macro   0x00000e4f       0x2e ./Core/Src/adc.o
 .debug_macro   0x00000e7d       0x28 ./Core/Src/adc.o
 .debug_macro   0x00000ea5       0x22 ./Core/Src/adc.o
 .debug_macro   0x00000ec7       0x8e ./Core/Src/adc.o
 .debug_macro   0x00000f55       0x51 ./Core/Src/adc.o
 .debug_macro   0x00000fa6      0x103 ./Core/Src/adc.o
 .debug_macro   0x000010a9       0x6a ./Core/Src/adc.o
 .debug_macro   0x00001113      0x1df ./Core/Src/adc.o
 .debug_macro   0x000012f2       0x1c ./Core/Src/adc.o
 .debug_macro   0x0000130e       0x22 ./Core/Src/adc.o
 .debug_macro   0x00001330       0xfb ./Core/Src/adc.o
 .debug_macro   0x0000142b     0x1011 ./Core/Src/adc.o
 .debug_macro   0x0000243c      0x11f ./Core/Src/adc.o
 .debug_macro   0x0000255b    0x18b8c ./Core/Src/adc.o
 .debug_macro   0x0001b0e7       0x6d ./Core/Src/adc.o
 .debug_macro   0x0001b154     0x3558 ./Core/Src/adc.o
 .debug_macro   0x0001e6ac      0x189 ./Core/Src/adc.o
 .debug_macro   0x0001e835       0x5c ./Core/Src/adc.o
 .debug_macro   0x0001e891     0x171f ./Core/Src/adc.o
 .debug_macro   0x0001ffb0      0x600 ./Core/Src/adc.o
 .debug_macro   0x000205b0      0x1b6 ./Core/Src/adc.o
 .debug_macro   0x00020766      0x34a ./Core/Src/adc.o
 .debug_macro   0x00020ab0      0x53c ./Core/Src/adc.o
 .debug_macro   0x00020fec      0x18b ./Core/Src/adc.o
 .debug_macro   0x00021177       0x43 ./Core/Src/adc.o
 .debug_macro   0x000211ba      0x23d ./Core/Src/adc.o
 .debug_macro   0x000213f7     0x1112 ./Core/Src/adc.o
 .debug_macro   0x00022509      0x72e ./Core/Src/adc.o
 .debug_macro   0x00022c37      0x391 ./Core/Src/adc.o
 .debug_macro   0x00022fc8      0x211 ./Core/Src/adc.o
 .debug_macro   0x000231d9      0x6bd ./Core/Src/adc.o
 .debug_macro   0x00023896      0x45c ./Core/Src/adc.o
 .debug_macro   0x00023cf2      0x11c ./Core/Src/adc.o
 .debug_macro   0x00023e0e      0x1ae ./Core/Src/adc.o
 .debug_macro   0x00023fbc     0x20a8 ./Core/Src/adc.o
 .debug_macro   0x00026064      0x122 ./Core/Src/adc.o
 .debug_macro   0x00026186      0x3d1 ./Core/Src/adc.o
 .debug_macro   0x00026557      0xc0b ./Core/Src/adc.o
 .debug_macro   0x00027162      0x718 ./Core/Src/adc.o
 .debug_macro   0x0002787a      0x693 ./Core/Src/adc.o
 .debug_macro   0x00027f0d       0xa6 ./Core/Src/adc.o
 .debug_macro   0x00027fb3      0x358 ./Core/Src/adc.o
 .debug_macro   0x0002830b       0xdc ./Core/Src/adc.o
 .debug_macro   0x000283e7      0x228 ./Core/Src/dma.o
 .debug_macro   0x0002860f      0x228 ./Core/Src/fdcan.o
 .debug_macro   0x00028837      0x228 ./Core/Src/fmac.o
 .debug_macro   0x00028a5f      0x228 ./Core/Src/gpio.o
 .debug_macro   0x00028c87      0x228 ./Core/Src/hrtim.o
 .debug_macro   0x00028eaf      0x286 ./Core/Src/main.o
 .debug_macro   0x00029135      0x21e ./Core/Src/stm32g4xx_hal_msp.o
 .debug_macro   0x00029353      0x228 ./Core/Src/stm32g4xx_it.o
 .debug_macro   0x0002957b      0x20f ./Core/Src/system_stm32g4xx.o
 .debug_macro   0x0002978a      0x228 ./Core/Src/tim.o
 .debug_macro   0x000299b2      0x228 ./Core/Src/usart.o
 .debug_macro   0x00029bda      0x25d ./Drivers/STM32G4xx_HAL_Driver/Src/stm32g4xx_hal.o
 .debug_macro   0x00029e37      0x22c ./Drivers/STM32G4xx_HAL_Driver/Src/stm32g4xx_hal_adc.o
 .debug_macro   0x0002a063      0x21b ./Drivers/STM32G4xx_HAL_Driver/Src/stm32g4xx_hal_adc_ex.o
 .debug_macro   0x0002a27e      0x20f ./Drivers/STM32G4xx_HAL_Driver/Src/stm32g4xx_hal_cortex.o
 .debug_macro   0x0002a48d      0x20f ./Drivers/STM32G4xx_HAL_Driver/Src/stm32g4xx_hal_dma.o
 .debug_macro   0x0002a69c      0x321 ./Drivers/STM32G4xx_HAL_Driver/Src/stm32g4xx_hal_fdcan.o
 .debug_macro   0x0002a9bd      0x29c ./Drivers/STM32G4xx_HAL_Driver/Src/stm32g4xx_hal_fmac.o
 .debug_macro   0x0002ac59      0x216 ./Drivers/STM32G4xx_HAL_Driver/Src/stm32g4xx_hal_gpio.o
 .debug_macro   0x0002ae6f      0x22c ./Drivers/STM32G4xx_HAL_Driver/Src/stm32g4xx_hal_hrtim.o
 .debug_macro   0x0002b09b      0x239 ./Drivers/STM32G4xx_HAL_Driver/Src/stm32g4xx_hal_pwr_ex.o
 .debug_macro   0x0002b2d4      0x251 ./Drivers/STM32G4xx_HAL_Driver/Src/stm32g4xx_hal_rcc.o
 .debug_macro   0x0002b525      0x239 ./Drivers/STM32G4xx_HAL_Driver/Src/stm32g4xx_hal_rcc_ex.o
 .debug_macro   0x0002b75e      0x217 ./Drivers/STM32G4xx_HAL_Driver/Src/stm32g4xx_hal_tim.o
 .debug_macro   0x0002b975      0x215 ./Drivers/STM32G4xx_HAL_Driver/Src/stm32g4xx_hal_tim_ex.o
 .debug_macro   0x0002bb8a      0x23a ./Drivers/STM32G4xx_HAL_Driver/Src/stm32g4xx_hal_uart.o
 .debug_macro   0x0002bdc4      0x21b ./Drivers/STM32G4xx_HAL_Driver/Src/stm32g4xx_hal_uart_ex.o
 .debug_macro   0x0002bfdf      0x27a ./User/Src/analog_signal.o
 .debug_macro   0x0002c259      0x24a ./User/Src/fsbb_pwm.o

.debug_line     0x00000000    0x247ac
 .debug_line    0x00000000      0xb1a ./Core/Src/adc.o
 .debug_line    0x00000b1a      0x7dd ./Core/Src/dma.o
 .debug_line    0x000012f7      0x877 ./Core/Src/fdcan.o
 .debug_line    0x00001b6e      0x818 ./Core/Src/fmac.o
 .debug_line    0x00002386      0x7ea ./Core/Src/gpio.o
 .debug_line    0x00002b70      0x9e2 ./Core/Src/hrtim.o
 .debug_line    0x00003552      0x8f3 ./Core/Src/main.o
 .debug_line    0x00003e45      0x7db ./Core/Src/stm32g4xx_hal_msp.o
 .debug_line    0x00004620      0x9a6 ./Core/Src/stm32g4xx_it.o
 .debug_line    0x00004fc6      0x847 ./Core/Src/system_stm32g4xx.o
 .debug_line    0x0000580d      0x835 ./Core/Src/tim.o
 .debug_line    0x00006042      0x8a1 ./Core/Src/usart.o
 .debug_line    0x000068e3       0x7b ./Core/Startup/startup_stm32g474cbtx.o
 .debug_line    0x0000695e      0xc03 ./Drivers/STM32G4xx_HAL_Driver/Src/stm32g4xx_hal.o
 .debug_line    0x00007561     0x232c ./Drivers/STM32G4xx_HAL_Driver/Src/stm32g4xx_hal_adc.o
 .debug_line    0x0000988d     0x1cbb ./Drivers/STM32G4xx_HAL_Driver/Src/stm32g4xx_hal_adc_ex.o
 .debug_line    0x0000b548      0xd96 ./Drivers/STM32G4xx_HAL_Driver/Src/stm32g4xx_hal_cortex.o
 .debug_line    0x0000c2de      0xf2d ./Drivers/STM32G4xx_HAL_Driver/Src/stm32g4xx_hal_dma.o
 .debug_line    0x0000d20b     0x19f6 ./Drivers/STM32G4xx_HAL_Driver/Src/stm32g4xx_hal_fdcan.o
 .debug_line    0x0000ec01     0x155d ./Drivers/STM32G4xx_HAL_Driver/Src/stm32g4xx_hal_fmac.o
 .debug_line    0x0001015e      0xc1c ./Drivers/STM32G4xx_HAL_Driver/Src/stm32g4xx_hal_gpio.o
 .debug_line    0x00010d7a     0x4a45 ./Drivers/STM32G4xx_HAL_Driver/Src/stm32g4xx_hal_hrtim.o
 .debug_line    0x000157bf      0xd72 ./Drivers/STM32G4xx_HAL_Driver/Src/stm32g4xx_hal_pwr_ex.o
 .debug_line    0x00016531      0xfce ./Drivers/STM32G4xx_HAL_Driver/Src/stm32g4xx_hal_rcc.o
 .debug_line    0x000174ff     0x12df ./Drivers/STM32G4xx_HAL_Driver/Src/stm32g4xx_hal_rcc_ex.o
 .debug_line    0x000187de     0x40c3 ./Drivers/STM32G4xx_HAL_Driver/Src/stm32g4xx_hal_tim.o
 .debug_line    0x0001c8a1     0x2206 ./Drivers/STM32G4xx_HAL_Driver/Src/stm32g4xx_hal_tim_ex.o
 .debug_line    0x0001eaa7     0x3ca0 ./Drivers/STM32G4xx_HAL_Driver/Src/stm32g4xx_hal_uart.o
 .debug_line    0x00022747      0xe29 ./Drivers/STM32G4xx_HAL_Driver/Src/stm32g4xx_hal_uart_ex.o
 .debug_line    0x00023570      0x911 ./User/Src/analog_signal.o
 .debug_line    0x00023e81      0x92b ./User/Src/fsbb_pwm.o

.debug_str      0x00000000   0x1361dc
 .debug_str     0x00000000   0x12c052 ./Core/Src/adc.o
                             0x12c6a8 (size before relaxing)
 .debug_str     0x0012c052       0x29 ./Core/Src/dma.o
                             0x12bcce (size before relaxing)
 .debug_str     0x0012c07b      0x34b ./Core/Src/fdcan.o
                             0x12c33a (size before relaxing)
 .debug_str     0x0012c3c6      0x20c ./Core/Src/fmac.o
                             0x12bba5 (size before relaxing)
 .debug_str     0x0012c5d2       0x68 ./Core/Src/gpio.o
                             0x12b742 (size before relaxing)
 .debug_str     0x0012c63a      0x90c ./Core/Src/hrtim.o
                             0x12c9fb (size before relaxing)
 .debug_str     0x0012cf46      0x267 ./Core/Src/main.o
                             0x12b8a7 (size before relaxing)
 .debug_str     0x0012d1ad       0x4d ./Core/Src/stm32g4xx_hal_msp.o
                             0x12b698 (size before relaxing)
 .debug_str     0x0012d1fa      0x6ef ./Core/Src/stm32g4xx_it.o
                             0x12c9e1 (size before relaxing)
 .debug_str     0x0012d8e9       0xdb ./Core/Src/system_stm32g4xx.o
                             0x12b3c1 (size before relaxing)
 .debug_str     0x0012d9c4       0xe4 ./Core/Src/tim.o
                             0x12c405 (size before relaxing)
 .debug_str     0x0012daa8       0xa8 ./Core/Src/usart.o
                             0x12c5ce (size before relaxing)
 .debug_str     0x0012db50       0x6c ./Core/Startup/startup_stm32g474cbtx.o
 .debug_str     0x0012dbbc      0x5dd ./Drivers/STM32G4xx_HAL_Driver/Src/stm32g4xx_hal.o
                             0x12c0d3 (size before relaxing)
 .debug_str     0x0012e199      0xae0 ./Drivers/STM32G4xx_HAL_Driver/Src/stm32g4xx_hal_adc.o
                             0x12c3ee (size before relaxing)
 .debug_str     0x0012ec79      0x691 ./Drivers/STM32G4xx_HAL_Driver/Src/stm32g4xx_hal_adc_ex.o
                             0x12c394 (size before relaxing)
 .debug_str     0x0012f30a      0x355 ./Drivers/STM32G4xx_HAL_Driver/Src/stm32g4xx_hal_cortex.o
                             0x12bd8f (size before relaxing)
 .debug_str     0x0012f65f      0x262 ./Drivers/STM32G4xx_HAL_Driver/Src/stm32g4xx_hal_dma.o
                             0x12b79b (size before relaxing)
 .debug_str     0x0012f8c1     0x130f ./Drivers/STM32G4xx_HAL_Driver/Src/stm32g4xx_hal_fdcan.o
                             0x12c970 (size before relaxing)
 .debug_str     0x00130bd0      0x9e6 ./Drivers/STM32G4xx_HAL_Driver/Src/stm32g4xx_hal_fmac.o
                             0x12c130 (size before relaxing)
 .debug_str     0x001315b6      0x110 ./Drivers/STM32G4xx_HAL_Driver/Src/stm32g4xx_hal_gpio.o
                             0x12b54c (size before relaxing)
 .debug_str     0x001316c6     0x162a ./Drivers/STM32G4xx_HAL_Driver/Src/stm32g4xx_hal_hrtim.o
                             0x12d7bb (size before relaxing)
 .debug_str     0x00132cf0      0x495 ./Drivers/STM32G4xx_HAL_Driver/Src/stm32g4xx_hal_pwr_ex.o
                             0x12b8af (size before relaxing)
 .debug_str     0x00133185      0x506 ./Drivers/STM32G4xx_HAL_Driver/Src/stm32g4xx_hal_rcc.o
                             0x12bae0 (size before relaxing)
 .debug_str     0x0013368b      0x40b ./Drivers/STM32G4xx_HAL_Driver/Src/stm32g4xx_hal_rcc_ex.o
                             0x12bb0a (size before relaxing)
 .debug_str     0x00133a96      0xf4e ./Drivers/STM32G4xx_HAL_Driver/Src/stm32g4xx_hal_tim.o
                             0x12c8bf (size before relaxing)
 .debug_str     0x001349e4      0x8f7 ./Drivers/STM32G4xx_HAL_Driver/Src/stm32g4xx_hal_tim_ex.o
                             0x12c533 (size before relaxing)
 .debug_str     0x001352db      0x98e ./Drivers/STM32G4xx_HAL_Driver/Src/stm32g4xx_hal_uart.o
                             0x12c37c (size before relaxing)
 .debug_str     0x00135c69      0x264 ./Drivers/STM32G4xx_HAL_Driver/Src/stm32g4xx_hal_uart_ex.o
                             0x12bb7a (size before relaxing)
 .debug_str     0x00135ecd      0x1ae ./User/Src/analog_signal.o
                             0x12bd70 (size before relaxing)
 .debug_str     0x0013607b      0x161 ./User/Src/fsbb_pwm.o